Sep  2 17:40:48 backmain lvm[398]:   1 logical volume(s) in volume group "ubuntu-vg" monitored
Sep  2 17:40:48 backmain systemd[1]: Mounted Huge Pages File System.
Sep  2 17:40:48 backmain systemd[1]: Mounted POSIX Message Queue File System.
Sep  2 17:40:48 backmain systemd[1]: Mounted Kernel Debug File System.
Sep  2 17:40:48 backmain systemd[1]: Mounted Kernel Trace File System.
Sep  2 17:40:48 backmain systemd-modules-load[415]: Inserted module 'msr'
Sep  2 17:40:48 backmain systemd[1]: Finished Create List of Static Device Nodes.
Sep  2 17:40:48 backmain systemd[1]: Finished Monitoring of LVM2 mirrors, snapshots etc. using dmeventd or progress polling.
Sep  2 17:40:48 backmain systemd[1]: modprobe@chromeos_pstore.service: Deactivated successfully.
Sep  2 17:40:48 backmain systemd[1]: Finished Load Kernel Module chromeos_pstore.
Sep  2 17:40:48 backmain systemd[1]: modprobe@configfs.service: Deactivated successfully.
Sep  2 17:40:48 backmain systemd[1]: Finished Load Kernel Module configfs.
Sep  2 17:40:48 backmain systemd[1]: modprobe@drm.service: Deactivated successfully.
Sep  2 17:40:48 backmain systemd[1]: Finished Load Kernel Module drm.
Sep  2 17:40:48 backmain systemd[1]: modprobe@efi_pstore.service: Deactivated successfully.
Sep  2 17:40:48 backmain systemd[1]: Finished Load Kernel Module efi_pstore.
Sep  2 17:40:48 backmain kernel: [    0.000000] Linux version 5.15.0-82-generic (buildd@lcy02-amd64-027) (gcc (Ubuntu 11.4.0-1ubuntu1~22.04) 11.4.0, GNU ld (GNU Binutils for Ubuntu) 2.38) #91-Ubuntu SMP Mon Aug 14 14:14:14 UTC 2023 (Ubuntu 5.15.0-82.91-generic 5.15.111)
Sep  2 17:40:48 backmain kernel: [    0.000000] Command line: BOOT_IMAGE=/vmlinuz-5.15.0-82-generic root=/dev/mapper/ubuntu--vg-ubuntu--lv ro
Sep  2 17:40:48 backmain kernel: [    0.000000] KERNEL supported cpus:
Sep  2 17:40:48 backmain kernel: [    0.000000]   Intel GenuineIntel
Sep  2 17:40:48 backmain kernel: [    0.000000]   AMD AuthenticAMD
Sep  2 17:40:48 backmain kernel: [    0.000000]   Hygon HygonGenuine
Sep  2 17:40:48 backmain kernel: [    0.000000]   Centaur CentaurHauls
Sep  2 17:40:48 backmain kernel: [    0.000000]   zhaoxin   Shanghai  
Sep  2 17:40:48 backmain kernel: [    0.000000] BIOS-provided physical RAM map:
Sep  2 17:40:48 backmain kernel: [    0.000000] BIOS-e820: [mem 0x0000000000000000-0x000000000009fbff] usable
Sep  2 17:40:48 backmain kernel: [    0.000000] BIOS-e820: [mem 0x000000000009fc00-0x000000000009ffff] reserved
Sep  2 17:40:48 backmain kernel: [    0.000000] BIOS-e820: [mem 0x00000000000f0000-0x00000000000fffff] reserved
Sep  2 17:40:48 backmain kernel: [    0.000000] BIOS-e820: [mem 0x0000000000100000-0x00000000dffeffff] usable
Sep  2 17:40:48 backmain kernel: [    0.000000] BIOS-e820: [mem 0x00000000dfff0000-0x00000000dfffffff] ACPI data
Sep  2 17:40:48 backmain kernel: [    0.000000] BIOS-e820: [mem 0x00000000fec00000-0x00000000fec00fff] reserved
Sep  2 17:40:48 backmain kernel: [    0.000000] BIOS-e820: [mem 0x00000000fee00000-0x00000000fee00fff] reserved
Sep  2 17:40:48 backmain kernel: [    0.000000] BIOS-e820: [mem 0x00000000fffc0000-0x00000000ffffffff] reserved
Sep  2 17:40:48 backmain kernel: [    0.000000] BIOS-e820: [mem 0x0000000100000000-0x000000021fffffff] usable
Sep  2 17:40:48 backmain kernel: [    0.000000] NX (Execute Disable) protection: active
Sep  2 17:40:48 backmain kernel: [    0.000000] SMBIOS 2.5 present.
Sep  2 17:40:48 backmain kernel: [    0.000000] DMI: innotek GmbH VirtualBox/VirtualBox, BIOS VirtualBox 12/01/2006
Sep  2 17:40:48 backmain kernel: [    0.000000] Hypervisor detected: KVM
Sep  2 17:40:48 backmain kernel: [    0.000000] kvm-clock: Using msrs 4b564d01 and 4b564d00
Sep  2 17:40:48 backmain kernel: [    0.000000] kvm-clock: cpu 0, msr 1ce201001, primary cpu clock
Sep  2 17:40:48 backmain kernel: [    0.000005] kvm-clock: using sched offset of 2290795576317 cycles
Sep  2 17:40:48 backmain kernel: [    0.000010] clocksource: kvm-clock: mask: 0xffffffffffffffff max_cycles: 0x1cd42e4dffb, max_idle_ns: 881590591483 ns
Sep  2 17:40:48 backmain kernel: [    0.000016] tsc: Detected 2496.000 MHz processor
Sep  2 17:40:48 backmain kernel: [    0.003057] e820: update [mem 0x00000000-0x00000fff] usable ==> reserved
Sep  2 17:40:48 backmain kernel: [    0.003064] e820: remove [mem 0x000a0000-0x000fffff] usable
Sep  2 17:40:48 backmain kernel: [    0.003074] last_pfn = 0x220000 max_arch_pfn = 0x400000000
Sep  2 17:40:48 backmain kernel: [    0.003180] Disabled
Sep  2 17:40:48 backmain kernel: [    0.003182] x86/PAT: MTRRs disabled, skipping PAT initialization too.
Sep  2 17:40:48 backmain kernel: [    0.003192] CPU MTRRs all blank - virtualized system.
Sep  2 17:40:48 backmain kernel: [    0.003195] x86/PAT: Configuration [0-7]: WB  WT  UC- UC  WB  WT  UC- UC  
Sep  2 17:40:48 backmain kernel: [    0.003199] last_pfn = 0xdfff0 max_arch_pfn = 0x400000000
Sep  2 17:40:48 backmain kernel: [    0.003302] found SMP MP-table at [mem 0x0009fff0-0x0009ffff]
Sep  2 17:40:48 backmain kernel: [    0.003334] Incomplete global flushes, disabling PCID
Sep  2 17:40:48 backmain kernel: [    0.003702] RAMDISK: [mem 0x2aeeb000-0x3176cfff]
Sep  2 17:40:48 backmain kernel: [    0.003714] ACPI: Early table checksum verification disabled
Sep  2 17:40:48 backmain kernel: [    0.003721] ACPI: RSDP 0x00000000000E0000 000024 (v02 VBOX  )
Sep  2 17:40:48 backmain systemd[1]: modprobe@fuse.service: Deactivated successfully.
Sep  2 17:40:48 backmain systemd[1]: Finished Load Kernel Module fuse.
Sep  2 17:40:48 backmain systemd[1]: modprobe@pstore_blk.service: Deactivated successfully.
Sep  2 17:40:48 backmain systemd[1]: Finished Load Kernel Module pstore_blk.
Sep  2 17:40:48 backmain systemd[1]: modprobe@pstore_zone.service: Deactivated successfully.
Sep  2 17:40:48 backmain systemd[1]: Finished Load Kernel Module pstore_zone.
Sep  2 17:40:48 backmain systemd[1]: modprobe@ramoops.service: Deactivated successfully.
Sep  2 17:40:48 backmain systemd[1]: Finished Load Kernel Module ramoops.
Sep  2 17:40:48 backmain systemd[1]: Finished Load Kernel Modules.
Sep  2 17:40:48 backmain systemd[1]: Finished Remount Root and Kernel File Systems.
Sep  2 17:40:48 backmain systemd[1]: Activating swap /swap.img...
Sep  2 17:40:48 backmain systemd[1]: Mounting FUSE Control File System...
Sep  2 17:40:48 backmain systemd[1]: Mounting Kernel Configuration File System...
Sep  2 17:40:48 backmain systemd[1]: Starting Device-Mapper Multipath Device Controller...
Sep  2 17:40:48 backmain systemd[1]: Starting Flush Journal to Persistent Storage...
Sep  2 17:40:48 backmain systemd[1]: Condition check resulted in Platform Persistent Storage Archival being skipped.
Sep  2 17:40:48 backmain systemd[1]: Starting Load/Save Random Seed...
Sep  2 17:40:48 backmain systemd[1]: Starting Apply Kernel Variables...
Sep  2 17:40:48 backmain systemd[1]: Starting Create System Users...
Sep  2 17:40:48 backmain systemd[1]: Activated swap /swap.img.
Sep  2 17:40:48 backmain systemd[1]: Mounted FUSE Control File System.
Sep  2 17:40:48 backmain systemd[1]: Mounted Kernel Configuration File System.
Sep  2 17:40:48 backmain systemd[1]: Reached target Swaps.
Sep  2 17:40:48 backmain systemd[1]: Finished Set the console keyboard layout.
Sep  2 17:40:48 backmain systemd[1]: Finished Load/Save Random Seed.
Sep  2 17:40:48 backmain systemd[1]: Finished Coldplug All udev Devices.
Sep  2 17:40:48 backmain systemd[1]: Condition check resulted in First Boot Complete being skipped.
Sep  2 17:40:48 backmain systemd[1]: Finished Flush Journal to Persistent Storage.
Sep  2 17:40:48 backmain systemd[1]: Finished Apply Kernel Variables.
Sep  2 17:40:48 backmain systemd[1]: Finished Create System Users.
Sep  2 17:40:48 backmain systemd[1]: Starting Create Static Device Nodes in /dev...
Sep  2 17:40:48 backmain systemd[1]: Finished Create Static Device Nodes in /dev.
Sep  2 17:40:48 backmain systemd[1]: Starting Rule-based Manager for Device Events and Files...
Sep  2 17:40:48 backmain multipathd[438]: --------start up--------
Sep  2 17:40:48 backmain multipathd[438]: read /etc/multipath.conf
Sep  2 17:40:48 backmain multipathd[438]: path checkers start up
Sep  2 17:40:48 backmain systemd[1]: Started Device-Mapper Multipath Device Controller.
Sep  2 17:40:48 backmain systemd[1]: Reached target Preparation for Local File Systems.
Sep  2 17:40:48 backmain systemd[1]: Mounting Mount unit for core20, revision 1822...
Sep  2 17:40:48 backmain systemd[1]: Mounting Mount unit for lxd, revision 24322...
Sep  2 17:40:48 backmain systemd[1]: Mounting Mount unit for snapd, revision 18357...
Sep  2 17:40:48 backmain systemd[1]: Mounted Mount unit for core20, revision 1822.
Sep  2 17:40:48 backmain systemd[1]: Mounted Mount unit for lxd, revision 24322.
Sep  2 17:40:48 backmain systemd[1]: Mounted Mount unit for snapd, revision 18357.
Sep  2 17:40:48 backmain systemd[1]: Reached target Mounted snaps.
Sep  2 17:40:48 backmain systemd[1]: Started Rule-based Manager for Device Events and Files.
Sep  2 17:40:48 backmain systemd[1]: Condition check resulted in Show Plymouth Boot Screen being skipped.
Sep  2 17:40:48 backmain systemd[1]: Started Dispatch Password Requests to Console Directory Watch.
Sep  2 17:40:48 backmain systemd[1]: Condition check resulted in Forward Password Requests to Plymouth Directory Watch being skipped.
Sep  2 17:40:48 backmain systemd[1]: Reached target Local Encrypted Volumes.
Sep  2 17:40:48 backmain systemd-udevd[472]: Using default interface naming scheme 'v249'.
Sep  2 17:40:48 backmain systemd[1]: Listening on Load/Save RF Kill Switch Status /dev/rfkill Watch.
Sep  2 17:40:48 backmain systemd-udevd[465]: sda: Process '/usr/bin/unshare -m /usr/bin/snap auto-import --mount=/dev/sda' failed with exit code 1.
Sep  2 17:40:48 backmain systemd-udevd[456]: sr0: Process '/usr/bin/unshare -m /usr/bin/snap auto-import --mount=/dev/sr0' failed with exit code 1.
Sep  2 17:40:48 backmain systemd-udevd[469]: dm-0: Process '/usr/bin/unshare -m /usr/bin/snap auto-import --mount=/dev/dm-0' failed with exit code 1.
Sep  2 17:40:48 backmain systemd-udevd[458]: sda3: Process '/usr/bin/unshare -m /usr/bin/snap auto-import --mount=/dev/sda3' failed with exit code 1.
Sep  2 17:40:48 backmain systemd[1]: Created slice Slice /system/lvm2-pvscan.
Sep  2 17:40:48 backmain systemd[1]: Starting LVM event activation on device 8:3...
Sep  2 17:40:48 backmain systemd-udevd[471]: sda2: Process '/usr/bin/unshare -m /usr/bin/snap auto-import --mount=/dev/sda2' failed with exit code 1.
Sep  2 17:40:48 backmain systemd[1]: Found device VBOX_HARDDISK 2.
Sep  2 17:40:48 backmain systemd[1]: Starting File System Check on /dev/disk/by-uuid/736fa91a-4e9f-4f87-ae19-798b7580af8b...
Sep  2 17:40:48 backmain lvm[574]:   pvscan[574] PV /dev/sda3 online, VG ubuntu-vg is complete.
Sep  2 17:40:48 backmain lvm[574]:   pvscan[574] VG ubuntu-vg skip autoactivation.
Sep  2 17:40:48 backmain systemd[1]: Started File System Check Daemon to report status.
Sep  2 17:40:48 backmain systemd-udevd[456]: sda1: Process '/usr/bin/unshare -m /usr/bin/snap auto-import --mount=/dev/sda1' failed with exit code 1.
Sep  2 17:40:48 backmain systemd[1]: Finished LVM event activation on device 8:3.
Sep  2 17:40:48 backmain systemd[1]: Reached target Sound Card.
Sep  2 17:40:48 backmain systemd-fsck[587]: /dev/sda2: clean, 316/131072 files, 59145/524288 blocks
Sep  2 17:40:48 backmain systemd[1]: Finished File System Check on /dev/disk/by-uuid/736fa91a-4e9f-4f87-ae19-798b7580af8b.
Sep  2 17:40:48 backmain systemd[1]: Mounting /boot...
Sep  2 17:40:48 backmain systemd[1]: Mounted /boot.
Sep  2 17:40:48 backmain systemd[1]: Reached target Local File Systems.
Sep  2 17:40:48 backmain systemd[1]: Starting Load AppArmor profiles...
Sep  2 17:40:48 backmain systemd[1]: Starting Set console font and keymap...
Sep  2 17:40:48 backmain systemd[1]: Starting Create final runtime dir for shutdown pivot root...
Sep  2 17:40:48 backmain systemd[1]: Starting Tell Plymouth To Write Out Runtime Data...
Sep  2 17:40:48 backmain systemd[1]: Starting Set Up Additional Binary Formats...
Sep  2 17:40:48 backmain systemd[1]: Condition check resulted in Store a System Token in an EFI Variable being skipped.
Sep  2 17:40:48 backmain systemd[1]: Condition check resulted in Commit a transient machine-id on disk being skipped.
Sep  2 17:40:48 backmain systemd[1]: Starting Create Volatile Files and Directories...
Sep  2 17:40:48 backmain systemd[1]: Starting Uncomplicated firewall...
Sep  2 17:40:48 backmain systemd[1]: Finished Set console font and keymap.
Sep  2 17:40:48 backmain systemd[1]: Finished Create final runtime dir for shutdown pivot root.
Sep  2 17:40:48 backmain apparmor.systemd[592]: Restarting AppArmor
Sep  2 17:40:48 backmain apparmor.systemd[592]: Reloading AppArmor profiles
Sep  2 17:40:48 backmain systemd[1]: Finished Tell Plymouth To Write Out Runtime Data.
Sep  2 17:40:48 backmain systemd[1]: Finished Uncomplicated firewall.
Sep  2 17:40:48 backmain systemd[1]: proc-sys-fs-binfmt_misc.automount: Got automount request for /proc/sys/fs/binfmt_misc, triggered by 601 (systemd-binfmt)
Sep  2 17:40:48 backmain systemd[1]: Mounting Arbitrary Executable File Formats File System...
Sep  2 17:40:48 backmain systemd[1]: Finished Create Volatile Files and Directories.
Sep  2 17:40:48 backmain systemd[1]: Starting Network Time Synchronization...
Sep  2 17:40:48 backmain systemd[1]: Starting Record System Boot/Shutdown in UTMP...
Sep  2 17:40:48 backmain systemd[1]: Finished Record System Boot/Shutdown in UTMP.
Sep  2 17:40:48 backmain systemd[1]: Mounted Arbitrary Executable File Formats File System.
Sep  2 17:40:48 backmain systemd[1]: Finished Set Up Additional Binary Formats.
Sep  2 17:40:48 backmain systemd[1]: Started Network Time Synchronization.
Sep  2 17:40:48 backmain systemd[1]: Reached target System Time Set.
Sep  2 17:40:48 backmain apparmor.systemd[619]: Skipping profile in /etc/apparmor.d/disable: usr.sbin.rsyslogd
Sep  2 17:40:48 backmain systemd[1]: Finished Load AppArmor profiles.
Sep  2 17:40:48 backmain systemd[1]: Starting Load AppArmor profiles managed internally by snapd...
Sep  2 17:40:48 backmain systemd[1]: Condition check resulted in Authentication service for virtual machines hosted on VMware being skipped.
Sep  2 17:40:48 backmain systemd[1]: Condition check resulted in Service for virtual machines hosted on VMware being skipped.
Sep  2 17:40:48 backmain systemd[1]: Starting Initial cloud-init job (pre-networking)...
Sep  2 17:40:48 backmain cloud-init[652]: Cloud-init v. 23.1.2-0ubuntu0~22.04.1 running 'init-local' at Sat, 02 Sep 2023 17:40:43 +0000. Up 20.80 seconds.
Sep  2 17:40:48 backmain systemd[1]: Finished Initial cloud-init job (pre-networking).
Sep  2 17:40:48 backmain systemd[1]: Reached target Preparation for Network.
Sep  2 17:40:48 backmain systemd[1]: Starting Network Configuration...
Sep  2 17:40:48 backmain systemd-networkd[653]: lo: Link UP
Sep  2 17:40:48 backmain systemd-networkd[653]: lo: Gained carrier
Sep  2 17:40:48 backmain systemd-networkd[653]: Enumeration completed
Sep  2 17:40:48 backmain systemd[1]: Started Network Configuration.
Sep  2 17:40:48 backmain systemd[1]: Starting Wait for Network to be Configured...
Sep  2 17:40:48 backmain systemd[1]: Starting Network Name Resolution...
Sep  2 17:40:48 backmain systemd-networkd[653]: enp0s3: Link UP
Sep  2 17:40:48 backmain systemd-networkd[653]: enp0s3: Gained carrier
Sep  2 17:40:48 backmain systemd[1]: Finished Load AppArmor profiles managed internally by snapd.
Sep  2 17:40:48 backmain systemd-networkd[653]: enp0s3: DHCPv4 address 10.0.2.15/24 via 10.0.2.2
Sep  2 17:40:48 backmain systemd-timesyncd[609]: Network configuration changed, trying to establish connection.
Sep  2 17:40:48 backmain systemd-resolved[655]: Positive Trust Anchors:
Sep  2 17:40:48 backmain systemd-resolved[655]: . IN DS 20326 8 2 e06d44b80b8f1d39a95c0b0d7c65d08458e880409bbc683457104237c7f8ec8d
Sep  2 17:40:48 backmain systemd-resolved[655]: Negative trust anchors: home.arpa 10.in-addr.arpa 16.172.in-addr.arpa 17.172.in-addr.arpa 18.172.in-addr.arpa 19.172.in-addr.arpa 20.172.in-addr.arpa 21.172.in-addr.arpa 22.172.in-addr.arpa 23.172.in-addr.arpa 24.172.in-addr.arpa 25.172.in-addr.arpa 26.172.in-addr.arpa 27.172.in-addr.arpa 28.172.in-addr.arpa 29.172.in-addr.arpa 30.172.in-addr.arpa 31.172.in-addr.arpa 168.192.in-addr.arpa d.f.ip6.arpa corp home internal intranet lan local private test
Sep  2 17:40:48 backmain systemd-resolved[655]: Using system hostname 'backmain'.
Sep  2 17:40:48 backmain systemd[1]: Started Network Name Resolution.
Sep  2 17:40:48 backmain systemd[1]: Reached target Network.
Sep  2 17:40:48 backmain systemd[1]: Reached target Host and Network Name Lookups.
Sep  2 17:40:48 backmain systemd-networkd[653]: enp0s3: Gained IPv6LL
Sep  2 17:40:48 backmain systemd-timesyncd[609]: Network configuration changed, trying to establish connection.
Sep  2 17:40:48 backmain systemd-networkd-wait-online[654]: managing: enp0s3
Sep  2 17:40:48 backmain systemd[1]: Finished Wait for Network to be Configured.
Sep  2 17:40:48 backmain systemd[1]: Starting Initial cloud-init job (metadata service crawler)...
Sep  2 17:40:48 backmain cloud-init[660]: Cloud-init v. 23.1.2-0ubuntu0~22.04.1 running 'init' at Sat, 02 Sep 2023 17:40:45 +0000. Up 22.97 seconds.
Sep  2 17:40:48 backmain cloud-init[660]: ci-info: ++++++++++++++++++++++++++++++++++++++Net device info+++++++++++++++++++++++++++++++++++++++
Sep  2 17:40:48 backmain cloud-init[660]: ci-info: +--------+------+-----------------------------+---------------+--------+-------------------+
Sep  2 17:40:48 backmain cloud-init[660]: ci-info: | Device |  Up  |           Address           |      Mask     | Scope  |     Hw-Address    |
Sep  2 17:40:48 backmain cloud-init[660]: ci-info: +--------+------+-----------------------------+---------------+--------+-------------------+
Sep  2 17:40:48 backmain cloud-init[660]: ci-info: | enp0s3 | True |          10.0.2.15          | 255.255.255.0 | global | 08:00:27:ef:37:97 |
Sep  2 17:40:48 backmain cloud-init[660]: ci-info: | enp0s3 | True | fe80::a00:27ff:feef:3797/64 |       .       |  link  | 08:00:27:ef:37:97 |
Sep  2 17:40:48 backmain cloud-init[660]: ci-info: |   lo   | True |          127.0.0.1          |   255.0.0.0   |  host  |         .         |
Sep  2 17:40:48 backmain cloud-init[660]: ci-info: |   lo   | True |           ::1/128           |       .       |  host  |         .         |
Sep  2 17:40:48 backmain cloud-init[660]: ci-info: +--------+------+-----------------------------+---------------+--------+-------------------+
Sep  2 17:40:48 backmain cloud-init[660]: ci-info: ++++++++++++++++++++++++++++Route IPv4 info+++++++++++++++++++++++++++++
Sep  2 17:40:48 backmain cloud-init[660]: ci-info: +-------+-------------+----------+-----------------+-----------+-------+
Sep  2 17:40:48 backmain cloud-init[660]: ci-info: | Route | Destination | Gateway  |     Genmask     | Interface | Flags |
Sep  2 17:40:48 backmain cloud-init[660]: ci-info: +-------+-------------+----------+-----------------+-----------+-------+
Sep  2 17:40:48 backmain cloud-init[660]: ci-info: |   0   |   0.0.0.0   | 10.0.2.2 |     0.0.0.0     |   enp0s3  |   UG  |
Sep  2 17:40:48 backmain cloud-init[660]: ci-info: |   1   |   10.0.2.0  | 0.0.0.0  |  255.255.255.0  |   enp0s3  |   U   |
Sep  2 17:40:48 backmain cloud-init[660]: ci-info: |   2   |   10.0.2.2  | 0.0.0.0  | 255.255.255.255 |   enp0s3  |   UH  |
Sep  2 17:40:48 backmain cloud-init[660]: ci-info: |   3   | 192.168.8.1 | 10.0.2.2 | 255.255.255.255 |   enp0s3  |  UGH  |
Sep  2 17:40:48 backmain cloud-init[660]: ci-info: +-------+-------------+----------+-----------------+-----------+-------+
Sep  2 17:40:48 backmain cloud-init[660]: ci-info: +++++++++++++++++++Route IPv6 info+++++++++++++++++++
Sep  2 17:40:48 backmain cloud-init[660]: ci-info: +-------+-------------+---------+-----------+-------+
Sep  2 17:40:48 backmain cloud-init[660]: ci-info: | Route | Destination | Gateway | Interface | Flags |
Sep  2 17:40:48 backmain cloud-init[660]: ci-info: +-------+-------------+---------+-----------+-------+
Sep  2 17:40:48 backmain cloud-init[660]: ci-info: |   1   |  fe80::/64  |    ::   |   enp0s3  |   U   |
Sep  2 17:40:48 backmain cloud-init[660]: ci-info: |   3   |    local    |    ::   |   enp0s3  |   U   |
Sep  2 17:40:48 backmain cloud-init[660]: ci-info: |   4   |  multicast  |    ::   |   enp0s3  |   U   |
Sep  2 17:40:48 backmain cloud-init[660]: ci-info: +-------+-------------+---------+-----------+-------+
Sep  2 17:40:48 backmain cloud-init[660]: Generating public/private rsa key pair.
Sep  2 17:40:48 backmain cloud-init[660]: Your identification has been saved in /etc/ssh/ssh_host_rsa_key
Sep  2 17:40:48 backmain cloud-init[660]: Your public key has been saved in /etc/ssh/ssh_host_rsa_key.pub
Sep  2 17:40:48 backmain cloud-init[660]: The key fingerprint is:
Sep  2 17:40:48 backmain cloud-init[660]: SHA256:JH+kL+iVL2eDGZHVGr85YFd0A2W/j+3ZxYfmwyJGb68 root@backmain
Sep  2 17:40:48 backmain cloud-init[660]: The key's randomart image is:
Sep  2 17:40:48 backmain cloud-init[660]: +---[RSA 3072]----+
Sep  2 17:40:48 backmain cloud-init[660]: |           . o++.|
Sep  2 17:40:48 backmain cloud-init[660]: |          o . o.o|
Sep  2 17:40:48 backmain cloud-init[660]: |      . .o.+ .  .|
Sep  2 17:40:48 backmain cloud-init[660]: |       +oo+ o   .|
Sep  2 17:40:48 backmain cloud-init[660]: |        So.o o . |
Sep  2 17:40:48 backmain cloud-init[660]: |       ..+. +  =.|
Sep  2 17:40:48 backmain cloud-init[660]: |      . +=.. o+ *|
Sep  2 17:40:48 backmain cloud-init[660]: |     . .+o* +oo.=|
Sep  2 17:40:48 backmain cloud-init[660]: |      .  =.+E+ooo|
Sep  2 17:40:48 backmain cloud-init[660]: +----[SHA256]-----+
Sep  2 17:40:48 backmain cloud-init[660]: Generating public/private dsa key pair.
Sep  2 17:40:48 backmain cloud-init[660]: Your identification has been saved in /etc/ssh/ssh_host_dsa_key
Sep  2 17:40:48 backmain cloud-init[660]: Your public key has been saved in /etc/ssh/ssh_host_dsa_key.pub
Sep  2 17:40:48 backmain cloud-init[660]: The key fingerprint is:
Sep  2 17:40:48 backmain cloud-init[660]: SHA256:/51I8mqBwLv1Wox0dV7F6Ck1qYK+XaksJIukMqLeG8U root@backmain
Sep  2 17:40:48 backmain cloud-init[660]: The key's randomart image is:
Sep  2 17:40:48 backmain cloud-init[660]: +---[DSA 1024]----+
Sep  2 17:40:48 backmain cloud-init[660]: |               +.|
Sep  2 17:40:48 backmain cloud-init[660]: |              = o|
Sep  2 17:40:48 backmain cloud-init[660]: |     .   .  .+.o.|
Sep  2 17:40:48 backmain cloud-init[660]: |    . o . ..ooo. |
Sep  2 17:40:48 backmain cloud-init[660]: |     E +S... o.  |
Sep  2 17:40:48 backmain cloud-init[660]: |    o o.==. o    |
Sep  2 17:40:48 backmain cloud-init[660]: |   + . *.==+.    |
Sep  2 17:40:48 backmain cloud-init[660]: |+ o o o o.*= o . |
Sep  2 17:40:48 backmain cloud-init[660]: |=+ o.   .+..+ o  |
Sep  2 17:40:48 backmain cloud-init[660]: +----[SHA256]-----+
Sep  2 17:40:48 backmain cloud-init[660]: Generating public/private ecdsa key pair.
Sep  2 17:40:48 backmain cloud-init[660]: Your identification has been saved in /etc/ssh/ssh_host_ecdsa_key
Sep  2 17:40:48 backmain cloud-init[660]: Your public key has been saved in /etc/ssh/ssh_host_ecdsa_key.pub
Sep  2 17:40:48 backmain cloud-init[660]: The key fingerprint is:
Sep  2 17:40:48 backmain cloud-init[660]: SHA256:6In4Tr080rz+569BDC9yKHGYT93I8/HXx+BZBkqzKdk root@backmain
Sep  2 17:40:48 backmain cloud-init[660]: The key's randomart image is:
Sep  2 17:40:48 backmain cloud-init[660]: +---[ECDSA 256]---+
Sep  2 17:40:48 backmain cloud-init[660]: |            o .  |
Sep  2 17:40:48 backmain cloud-init[660]: |     o o o + = . |
Sep  2 17:40:48 backmain cloud-init[660]: |    + o * = E . o|
Sep  2 17:40:48 backmain cloud-init[660]: |     = o * + . B |
Sep  2 17:40:48 backmain cloud-init[660]: |    . = S = . + +|
Sep  2 17:40:48 backmain cloud-init[660]: |   . = + o   .  .|
Sep  2 17:40:48 backmain cloud-init[660]: |  . oo+   .      |
Sep  2 17:40:48 backmain cloud-init[660]: |   o..+.  ..     |
Sep  2 17:40:48 backmain cloud-init[660]: |   .oo=+.ooo.    |
Sep  2 17:40:48 backmain cloud-init[660]: +----[SHA256]-----+
Sep  2 17:40:48 backmain cloud-init[660]: Generating public/private ed25519 key pair.
Sep  2 17:40:48 backmain cloud-init[660]: Your identification has been saved in /etc/ssh/ssh_host_ed25519_key
Sep  2 17:40:48 backmain cloud-init[660]: Your public key has been saved in /etc/ssh/ssh_host_ed25519_key.pub
Sep  2 17:40:48 backmain cloud-init[660]: The key fingerprint is:
Sep  2 17:40:48 backmain cloud-init[660]: SHA256:GKfPi630W3ccVBrPXYbmhSaXbMV/wSPVjg8728qd+Rs root@backmain
Sep  2 17:40:48 backmain cloud-init[660]: The key's randomart image is:
Sep  2 17:40:48 backmain cloud-init[660]: +--[ED25519 256]--+
Sep  2 17:40:48 backmain cloud-init[660]: |             .+B*|
Sep  2 17:40:48 backmain cloud-init[660]: |            ..X@*|
Sep  2 17:40:48 backmain cloud-init[660]: |      . .    B++B|
Sep  2 17:40:48 backmain cloud-init[660]: |       =     .+ +|
Sep  2 17:40:48 backmain cloud-init[660]: |      o S     .+.|
Sep  2 17:40:48 backmain cloud-init[660]: |       o     .o..|
Sep  2 17:40:48 backmain cloud-init[660]: |      . o . . oE |
Sep  2 17:40:48 backmain cloud-init[660]: |     . + o . o..=|
Sep  2 17:40:48 backmain cloud-init[660]: |      o.=.    o==|
Sep  2 17:40:48 backmain cloud-init[660]: +----[SHA256]-----+
Sep  2 17:40:48 backmain systemd[1]: Finished Initial cloud-init job (metadata service crawler).
Sep  2 17:40:48 backmain systemd[1]: Reached target Cloud-config availability.
Sep  2 17:40:48 backmain systemd[1]: Reached target Network is Online.
Sep  2 17:40:48 backmain systemd[1]: Reached target System Initialization.
Sep  2 17:40:48 backmain systemd[1]: Condition check resulted in Process error reports when automatic reporting is enabled (file watch) being skipped.
Sep  2 17:40:48 backmain systemd[1]: Condition check resulted in Process error reports when automatic reporting is enabled (timer based) being skipped.
Sep  2 17:40:48 backmain systemd[1]: Started Daily apt download activities.
Sep  2 17:40:48 backmain systemd[1]: Started Daily apt upgrade and clean activities.
Sep  2 17:40:48 backmain systemd[1]: Started Daily dpkg database backup timer.
Sep  2 17:40:48 backmain systemd[1]: Started Periodic ext4 Online Metadata Check for All Filesystems.
Sep  2 17:40:48 backmain systemd[1]: Started Discard unused blocks once a week.
Sep  2 17:40:48 backmain systemd[1]: Started Refresh fwupd metadata regularly.
Sep  2 17:40:48 backmain systemd[1]: Started Daily rotation of log files.
Sep  2 17:40:48 backmain systemd[1]: Started Daily man-db regeneration.
Sep  2 17:40:48 backmain systemd[1]: Started Message of the Day.
Sep  2 17:40:48 backmain systemd[1]: Condition check resulted in Timer to automatically fetch and run repair assertions being skipped.
Sep  2 17:40:48 backmain systemd[1]: Started Daily Cleanup of Temporary Directories.
Sep  2 17:40:48 backmain systemd[1]: Started Ubuntu Advantage Timer for running repeated jobs.
Sep  2 17:40:48 backmain systemd[1]: Started Download data for packages that failed at package install time.
Sep  2 17:40:48 backmain systemd[1]: Started Check to see whether there is a new version of Ubuntu available.
Sep  2 17:40:48 backmain systemd[1]: Reached target Path Units.
Sep  2 17:40:48 backmain systemd[1]: Reached target Timer Units.
Sep  2 17:40:48 backmain systemd[1]: Condition check resulted in Unix socket for apport crash forwarding being skipped.
Sep  2 17:40:48 backmain systemd[1]: Listening on cloud-init hotplug hook socket.
Sep  2 17:40:48 backmain systemd[1]: Listening on D-Bus System Message Bus Socket.
Sep  2 17:40:48 backmain systemd[1]: Listening on Open-iSCSI iscsid Socket.
Sep  2 17:40:48 backmain systemd[1]: Starting Socket activation for snappy daemon...
Sep  2 17:40:48 backmain systemd[1]: Listening on UUID daemon activation socket.
Sep  2 17:40:48 backmain systemd[1]: Condition check resulted in Login to default iSCSI targets being skipped.
Sep  2 17:40:48 backmain systemd[1]: Reached target Preparation for Remote File Systems.
Sep  2 17:40:48 backmain systemd[1]: Reached target Remote File Systems.
Sep  2 17:40:48 backmain systemd[1]: Finished Availability of block devices.
Sep  2 17:40:48 backmain systemd[1]: Listening on Socket activation for snappy daemon.
Sep  2 17:40:48 backmain systemd[1]: Reached target Socket Units.
Sep  2 17:40:48 backmain systemd[1]: Reached target Basic System.
Sep  2 17:40:48 backmain systemd[1]: Starting LSB: automatic crash report generation...
Sep  2 17:40:48 backmain systemd[1]: Started Regular background program processing daemon.
Sep  2 17:40:48 backmain systemd[1]: Started D-Bus System Message Bus.
Sep  2 17:40:48 backmain systemd[1]: Started Save initial kernel messages after boot.
Sep  2 17:40:48 backmain cron[678]: (CRON) INFO (pidfile fd = 3)
Sep  2 17:40:48 backmain systemd[1]: Starting Remove Stale Online ext4 Metadata Check Snapshots...
Sep  2 17:40:48 backmain kernel: [    0.003729] ACPI: XSDT 0x00000000DFFF0030 00003C (v01 VBOX   VBOXXSDT 00000001 ASL  00000061)
Sep  2 17:40:48 backmain kernel: [    0.003739] ACPI: FACP 0x00000000DFFF00F0 0000F4 (v04 VBOX   VBOXFACP 00000001 ASL  00000061)
Sep  2 17:40:48 backmain kernel: [    0.003749] ACPI: DSDT 0x00000000DFFF0620 002353 (v02 VBOX   VBOXBIOS 00000002 INTL 20100528)
Sep  2 17:40:48 backmain kernel: [    0.003756] ACPI: FACS 0x00000000DFFF0200 000040
Sep  2 17:40:48 backmain kernel: [    0.003761] ACPI: FACS 0x00000000DFFF0200 000040
Sep  2 17:40:48 backmain kernel: [    0.003767] ACPI: APIC 0x00000000DFFF0240 000064 (v02 VBOX   VBOXAPIC 00000001 ASL  00000061)
Sep  2 17:40:48 backmain kernel: [    0.003773] ACPI: SSDT 0x00000000DFFF02B0 00036C (v01 VBOX   VBOXCPUT 00000002 INTL 20100528)
Sep  2 17:40:48 backmain kernel: [    0.003778] ACPI: Reserving FACP table memory at [mem 0xdfff00f0-0xdfff01e3]
Sep  2 17:40:48 backmain kernel: [    0.003781] ACPI: Reserving DSDT table memory at [mem 0xdfff0620-0xdfff2972]
Sep  2 17:40:48 backmain kernel: [    0.003783] ACPI: Reserving FACS table memory at [mem 0xdfff0200-0xdfff023f]
Sep  2 17:40:48 backmain kernel: [    0.003784] ACPI: Reserving FACS table memory at [mem 0xdfff0200-0xdfff023f]
Sep  2 17:40:48 backmain kernel: [    0.003786] ACPI: Reserving APIC table memory at [mem 0xdfff0240-0xdfff02a3]
Sep  2 17:40:48 backmain kernel: [    0.003787] ACPI: Reserving SSDT table memory at [mem 0xdfff02b0-0xdfff061b]
Sep  2 17:40:48 backmain kernel: [    0.005245] No NUMA configuration found
Sep  2 17:40:48 backmain kernel: [    0.005249] Faking a node at [mem 0x0000000000000000-0x000000021fffffff]
Sep  2 17:40:48 backmain kernel: [    0.005261] NODE_DATA(0) allocated [mem 0x21ffd2000-0x21fffbfff]
Sep  2 17:40:48 backmain kernel: [    0.006417] Zone ranges:
Sep  2 17:40:48 backmain kernel: [    0.006420]   DMA      [mem 0x0000000000001000-0x0000000000ffffff]
Sep  2 17:40:48 backmain kernel: [    0.006424]   DMA32    [mem 0x0000000001000000-0x00000000ffffffff]
Sep  2 17:40:48 backmain kernel: [    0.006427]   Normal   [mem 0x0000000100000000-0x000000021fffffff]
Sep  2 17:40:48 backmain kernel: [    0.006429]   Device   empty
Sep  2 17:40:48 backmain kernel: [    0.006431] Movable zone start for each node
Sep  2 17:40:48 backmain kernel: [    0.006434] Early memory node ranges
Sep  2 17:40:48 backmain kernel: [    0.006435]   node   0: [mem 0x0000000000001000-0x000000000009efff]
Sep  2 17:40:48 backmain kernel: [    0.006438]   node   0: [mem 0x0000000000100000-0x00000000dffeffff]
Sep  2 17:40:48 backmain kernel: [    0.006440]   node   0: [mem 0x0000000100000000-0x000000021fffffff]
Sep  2 17:40:48 backmain kernel: [    0.006443] Initmem setup node 0 [mem 0x0000000000001000-0x000000021fffffff]
Sep  2 17:40:48 backmain kernel: [    0.006505] On node 0, zone DMA: 1 pages in unavailable ranges
Sep  2 17:40:48 backmain kernel: [    0.007509] On node 0, zone DMA: 97 pages in unavailable ranges
Sep  2 17:40:48 backmain kernel: [    0.182297] On node 0, zone Normal: 16 pages in unavailable ranges
Sep  2 17:40:48 backmain kernel: [    0.184738] ACPI: PM-Timer IO Port: 0x4008
Sep  2 17:40:48 backmain kernel: [    0.185117] IOAPIC[0]: apic_id 3, version 32, address 0xfec00000, GSI 0-23
Sep  2 17:40:48 backmain kernel: [    0.185124] ACPI: INT_SRC_OVR (bus 0 bus_irq 0 global_irq 2 dfl dfl)
Sep  2 17:40:48 backmain kernel: [    0.185127] ACPI: INT_SRC_OVR (bus 0 bus_irq 9 global_irq 9 low level)
Sep  2 17:40:48 backmain kernel: [    0.185134] ACPI: Using ACPI (MADT) for SMP configuration information
Sep  2 17:40:48 backmain kernel: [    0.185173] smpboot: Allowing 3 CPUs, 0 hotplug CPUs
Sep  2 17:40:48 backmain kernel: [    0.185356] PM: hibernation: Registered nosave memory: [mem 0x00000000-0x00000fff]
Sep  2 17:40:48 backmain kernel: [    0.185360] PM: hibernation: Registered nosave memory: [mem 0x0009f000-0x0009ffff]
Sep  2 17:40:48 backmain kernel: [    0.185362] PM: hibernation: Registered nosave memory: [mem 0x000a0000-0x000effff]
Sep  2 17:40:48 backmain kernel: [    0.185363] PM: hibernation: Registered nosave memory: [mem 0x000f0000-0x000fffff]
Sep  2 17:40:48 backmain kernel: [    0.185365] PM: hibernation: Registered nosave memory: [mem 0xdfff0000-0xdfffffff]
Sep  2 17:40:48 backmain kernel: [    0.185366] PM: hibernation: Registered nosave memory: [mem 0xe0000000-0xfebfffff]
Sep  2 17:40:48 backmain kernel: [    0.185368] PM: hibernation: Registered nosave memory: [mem 0xfec00000-0xfec00fff]
Sep  2 17:40:48 backmain kernel: [    0.185369] PM: hibernation: Registered nosave memory: [mem 0xfec01000-0xfedfffff]
Sep  2 17:40:48 backmain kernel: [    0.185370] PM: hibernation: Registered nosave memory: [mem 0xfee00000-0xfee00fff]
Sep  2 17:40:48 backmain kernel: [    0.185371] PM: hibernation: Registered nosave memory: [mem 0xfee01000-0xfffbffff]
Sep  2 17:40:48 backmain kernel: [    0.185373] PM: hibernation: Registered nosave memory: [mem 0xfffc0000-0xffffffff]
Sep  2 17:40:48 backmain kernel: [    0.185375] [mem 0xe0000000-0xfebfffff] available for PCI devices
Sep  2 17:40:48 backmain kernel: [    0.185377] Booting paravirtualized kernel on KVM
Sep  2 17:40:48 backmain kernel: [    0.185380] clocksource: refined-jiffies: mask: 0xffffffff max_cycles: 0xffffffff, max_idle_ns: 7645519600211568 ns
Sep  2 17:40:48 backmain kernel: [    0.185389] setup_percpu: NR_CPUS:8192 nr_cpumask_bits:3 nr_cpu_ids:3 nr_node_ids:1
Sep  2 17:40:48 backmain kernel: [    0.192166] percpu: Embedded 61 pages/cpu s212992 r8192 d28672 u524288
Sep  2 17:40:48 backmain kernel: [    0.192179] pcpu-alloc: s212992 r8192 d28672 u524288 alloc=1*2097152
Sep  2 17:40:48 backmain kernel: [    0.192183] pcpu-alloc: [0] 0 1 2 - 
Sep  2 17:40:48 backmain kernel: [    0.192352] kvm-guest: PV spinlocks enabled
Sep  2 17:40:48 backmain kernel: [    0.192357] PV qspinlock hash table entries: 256 (order: 0, 4096 bytes, linear)
Sep  2 17:40:48 backmain kernel: [    0.192397] Built 1 zonelists, mobility grouping on.  Total pages: 2064112
Sep  2 17:40:48 backmain kernel: [    0.192399] Policy zone: Normal
Sep  2 17:40:48 backmain kernel: [    0.192402] Kernel command line: BOOT_IMAGE=/vmlinuz-5.15.0-82-generic root=/dev/mapper/ubuntu--vg-ubuntu--lv ro
Sep  2 17:40:48 backmain kernel: [    0.192445] Unknown kernel command line parameters "BOOT_IMAGE=/vmlinuz-5.15.0-82-generic", will be passed to user space.
Sep  2 17:40:48 backmain kernel: [    0.207786] Dentry cache hash table entries: 1048576 (order: 11, 8388608 bytes, linear)
Sep  2 17:40:48 backmain kernel: [    0.215392] Inode-cache hash table entries: 524288 (order: 10, 4194304 bytes, linear)
Sep  2 17:40:48 backmain kernel: [    0.215546] mem auto-init: stack:off, heap alloc:on, heap free:off
Sep  2 17:40:48 backmain kernel: [    0.356332] Memory: 8012180K/8388152K available (16393K kernel code, 4391K rwdata, 10860K rodata, 3352K init, 18720K bss, 375712K reserved, 0K cma-reserved)
Sep  2 17:40:48 backmain kernel: [    0.356970] SLUB: HWalign=64, Order=0-3, MinObjects=0, CPUs=3, Nodes=1
Sep  2 17:40:48 backmain kernel: [    0.357152] ftrace: allocating 50640 entries in 198 pages
Sep  2 17:40:48 backmain kernel: [    0.393181] ftrace: allocated 198 pages with 4 groups
Sep  2 17:40:48 backmain kernel: [    0.394310] rcu: Hierarchical RCU implementation.
Sep  2 17:40:48 backmain kernel: [    0.394313] rcu: 	RCU restricting CPUs from NR_CPUS=8192 to nr_cpu_ids=3.
Sep  2 17:40:48 backmain kernel: [    0.394315] 	Rude variant of Tasks RCU enabled.
Sep  2 17:40:48 backmain kernel: [    0.394316] 	Tracing variant of Tasks RCU enabled.
Sep  2 17:40:48 backmain kernel: [    0.394318] rcu: RCU calculated value of scheduler-enlistment delay is 25 jiffies.
Sep  2 17:40:48 backmain kernel: [    0.394319] rcu: Adjusting geometry for rcu_fanout_leaf=16, nr_cpu_ids=3
Sep  2 17:40:48 backmain kernel: [    0.400603] NR_IRQS: 524544, nr_irqs: 448, preallocated irqs: 16
Sep  2 17:40:48 backmain kernel: [    0.401436] random: crng init done
Sep  2 17:40:48 backmain kernel: [    0.459080] Console: colour VGA+ 80x25
Sep  2 17:40:48 backmain kernel: [    0.791363] printk: console [tty0] enabled
Sep  2 17:40:48 backmain kernel: [    0.793514] ACPI: Core revision 20210730
Sep  2 17:40:48 backmain kernel: [    0.795974] APIC: Switch to symmetric I/O mode setup
Sep  2 17:40:48 backmain kernel: [    0.818880] ..TIMER: vector=0x30 apic1=0 pin1=2 apic2=-1 pin2=-1
Sep  2 17:40:48 backmain kernel: [    0.822005] clocksource: tsc-early: mask: 0xffffffffffffffff max_cycles: 0x23fa772cf26, max_idle_ns: 440795269835 ns
Sep  2 17:40:48 backmain kernel: [    0.826476] Calibrating delay loop (skipped) preset value.. 4992.00 BogoMIPS (lpj=9984000)
Sep  2 17:40:48 backmain kernel: [    0.830469] Last level iTLB entries: 4KB 0, 2MB 0, 4MB 0
Sep  2 17:40:48 backmain kernel: [    0.830469] Last level dTLB entries: 4KB 0, 2MB 0, 4MB 0, 1GB 0
Sep  2 17:40:48 backmain kernel: [    0.830469] Spectre V1 : Mitigation: usercopy/swapgs barriers and __user pointer sanitization
Sep  2 17:40:48 backmain kernel: [    0.830478] Spectre V2 : Mitigation: Enhanced IBRS
Sep  2 17:40:48 backmain kernel: [    0.834477] Spectre V2 : Spectre v2 / SpectreRSB mitigation: Filling RSB on context switch
Sep  2 17:40:48 backmain kernel: [    0.838472] Spectre V2 : Spectre v2 / PBRSB-eIBRS: Retire a single CALL on VMEXIT
Sep  2 17:40:48 backmain kernel: [    0.842471] RETBleed: Mitigation: Enhanced IBRS
Sep  2 17:40:48 backmain kernel: [    0.846470] Speculative Store Bypass: Vulnerable
Sep  2 17:40:48 backmain kernel: [    0.848714] x86/fpu: x87 FPU will use FXSAVE
Sep  2 17:40:48 backmain kernel: [    0.890822] Freeing SMP alternatives memory: 44K
Sep  2 17:40:48 backmain kernel: [    0.892784] pid_max: default: 32768 minimum: 301
Sep  2 17:40:48 backmain kernel: [    0.894505] LSM: Security Framework initializing
Sep  2 17:40:48 backmain kernel: [    0.896436] landlock: Up and running.
Sep  2 17:40:48 backmain kernel: [    0.898470] Yama: becoming mindful.
Sep  2 17:40:48 backmain kernel: [    0.900140] AppArmor: AppArmor initialized
Sep  2 17:40:48 backmain kernel: [    0.902547] Mount-cache hash table entries: 16384 (order: 5, 131072 bytes, linear)
Sep  2 17:40:48 backmain kernel: [    0.910540] Mountpoint-cache hash table entries: 16384 (order: 5, 131072 bytes, linear)
Sep  2 17:40:48 backmain kernel: [    1.033034] APIC calibration not consistent with PM-Timer: 107ms instead of 100ms
Sep  2 17:40:48 backmain kernel: [    1.034469] APIC delta adjusted to PM-Timer: 6424363 (6897064)
Sep  2 17:40:48 backmain kernel: [    1.034814] smpboot: CPU0: 12th Gen Intel(R) Core(TM) i5-1235U (family: 0x6, model: 0x9a, stepping: 0x4)
Sep  2 17:40:48 backmain kernel: [    1.038469] Performance Events: unsupported p6 CPU model 154 no PMU driver, software events only.
Sep  2 17:40:48 backmain kernel: [    1.038491] signal: max sigframe size: 1440
Sep  2 17:40:48 backmain kernel: [    1.042562] rcu: Hierarchical SRCU implementation.
Sep  2 17:40:48 backmain kernel: [    1.045625] NMI watchdog: Perf NMI watchdog permanently disabled
Sep  2 17:40:48 backmain kernel: [    1.046725] smp: Bringing up secondary CPUs ...
Sep  2 17:40:48 backmain kernel: [    1.050877] x86: Booting SMP configuration:
Sep  2 17:40:48 backmain kernel: [    1.052599] .... node  #0, CPUs:      #1
Sep  2 17:40:48 backmain kernel: [    0.429051] kvm-clock: cpu 1, msr 1ce201041, secondary cpu clock
Sep  2 17:40:48 backmain kernel: [    1.061695] TSC synchronization [CPU#0 -> CPU#1]:
Sep  2 17:40:48 backmain kernel: [    1.062469] Measured 139906 cycles TSC warp between CPUs, turning off TSC clock.
Sep  2 17:40:48 backmain kernel: [    1.062469] tsc: Marking TSC unstable due to check_tsc_sync_source failed
Sep  2 17:40:48 backmain kernel: [    1.067361]  #2
Sep  2 17:40:48 backmain kernel: [    0.429051] kvm-clock: cpu 2, msr 1ce201081, secondary cpu clock
Sep  2 17:40:48 backmain kernel: [    1.075618] smp: Brought up 1 node, 3 CPUs
Sep  2 17:40:48 backmain kernel: [    1.080371] smpboot: Max logical packages: 1
Sep  2 17:40:48 backmain kernel: [    1.082090] smpboot: Total of 3 processors activated (14976.00 BogoMIPS)
Sep  2 17:40:48 backmain kernel: [    1.083125] devtmpfs: initialized
Sep  2 17:40:48 backmain kernel: [    1.086545] x86/mm: Memory block size: 128MB
Sep  2 17:40:48 backmain kernel: [    1.090839] clocksource: jiffies: mask: 0xffffffff max_cycles: 0xffffffff, max_idle_ns: 7645041785100000 ns
Sep  2 17:40:48 backmain kernel: [    1.094469] futex hash table entries: 1024 (order: 4, 65536 bytes, linear)
Sep  2 17:40:48 backmain kernel: [    1.094554] pinctrl core: initialized pinctrl subsystem
Sep  2 17:40:48 backmain kernel: [    1.098476] PM: RTC time: 17:40:22, date: 2023-09-02
Sep  2 17:40:48 backmain kernel: [    1.101968] NET: Registered PF_NETLINK/PF_ROUTE protocol family
Sep  2 17:40:48 backmain kernel: [    1.107205] DMA: preallocated 1024 KiB GFP_KERNEL pool for atomic allocations
Sep  2 17:40:48 backmain kernel: [    1.110659] DMA: preallocated 1024 KiB GFP_KERNEL|GFP_DMA pool for atomic allocations
Sep  2 17:40:48 backmain systemd[1]: Condition check resulted in getty on tty2-tty6 if dbus and logind are not available being skipped.
Sep  2 17:40:48 backmain systemd[1]: Starting Record successful boot for GRUB...
Sep  2 17:40:48 backmain cron[678]: (CRON) INFO (Running @reboot jobs)
Sep  2 17:40:48 backmain systemd[1]: Started irqbalance daemon.
Sep  2 17:40:48 backmain systemd[1]: Starting Dispatcher daemon for systemd-networkd...
Sep  2 17:40:48 backmain systemd[1]: Starting Authorization Manager...
Sep  2 17:40:48 backmain systemd[1]: Starting Pollinate to seed the pseudo random number generator...
Sep  2 17:40:48 backmain kernel: [    1.114629] DMA: preallocated 1024 KiB GFP_KERNEL|GFP_DMA32 pool for atomic allocations
Sep  2 17:40:48 backmain kernel: [    1.117739] audit: initializing netlink subsys (disabled)
Sep  2 17:40:48 backmain kernel: [    1.118684] audit: type=2000 audit(1693678713.617:1): state=initialized audit_enabled=0 res=1
Sep  2 17:40:48 backmain kernel: [    1.118918] thermal_sys: Registered thermal governor 'fair_share'
Sep  2 17:40:48 backmain kernel: [    1.122477] thermal_sys: Registered thermal governor 'bang_bang'
Sep  2 17:40:48 backmain kernel: [    1.124735] thermal_sys: Registered thermal governor 'step_wise'
Sep  2 17:40:48 backmain kernel: [    1.126479] thermal_sys: Registered thermal governor 'user_space'
Sep  2 17:40:48 backmain kernel: [    1.129007] thermal_sys: Registered thermal governor 'power_allocator'
Sep  2 17:40:48 backmain kernel: [    1.130579] EISA bus registered
Sep  2 17:40:48 backmain kernel: [    1.135761] cpuidle: using governor ladder
Sep  2 17:40:48 backmain kernel: [    1.137510] cpuidle: using governor menu
Sep  2 17:40:48 backmain kernel: [    1.138577] ACPI: bus type PCI registered
Sep  2 17:40:48 backmain kernel: [    1.140105] acpiphp: ACPI Hot Plug PCI Controller Driver version: 0.5
Sep  2 17:40:48 backmain kernel: [    1.143119] PCI: Using configuration type 1 for base access
Sep  2 17:40:48 backmain kernel: [    1.148345] kprobes: kprobe jump-optimization is enabled. All kprobes are optimized if possible.
Sep  2 17:40:48 backmain kernel: [    1.150846] HugeTLB registered 2.00 MiB page size, pre-allocated 0 pages
Sep  2 17:40:48 backmain kernel: [    1.190811] ACPI: Added _OSI(Module Device)
Sep  2 17:40:48 backmain kernel: [    1.192463] ACPI: Added _OSI(Processor Device)
Sep  2 17:40:48 backmain kernel: [    1.194203] ACPI: Added _OSI(3.0 _SCP Extensions)
Sep  2 17:40:48 backmain kernel: [    1.194497] ACPI: Added _OSI(Processor Aggregator Device)
Sep  2 17:40:48 backmain kernel: [    1.196533] ACPI: Added _OSI(Linux-Dell-Video)
Sep  2 17:40:48 backmain kernel: [    1.198236] ACPI: Added _OSI(Linux-Lenovo-NV-HDMI-Audio)
Sep  2 17:40:48 backmain kernel: [    1.198471] ACPI: Added _OSI(Linux-HPI-Hybrid-Graphics)
Sep  2 17:40:48 backmain kernel: [    1.204202] ACPI: 2 ACPI AML tables successfully acquired and loaded
Sep  2 17:40:48 backmain kernel: [    1.208694] ACPI: Interpreter enabled
Sep  2 17:40:48 backmain kernel: [    1.210392] ACPI: PM: (supports S0 S5)
Sep  2 17:40:48 backmain kernel: [    1.210599] ACPI: Using IOAPIC for interrupt routing
Sep  2 17:40:48 backmain kernel: [    1.214503] PCI: Using host bridge windows from ACPI; if necessary, use "pci=nocrs" and report a bug
Sep  2 17:40:48 backmain kernel: [    1.217883] PCI: Using E820 reservations for host bridge windows
Sep  2 17:40:48 backmain kernel: [    1.218655] ACPI: Enabled 2 GPEs in block 00 to 07
Sep  2 17:40:48 backmain kernel: [    1.227965] ACPI: PCI Root Bridge [PCI0] (domain 0000 [bus 00-ff])
Sep  2 17:40:48 backmain kernel: [    1.230479] acpi PNP0A03:00: _OSC: OS supports [ASPM ClockPM Segments MSI EDR HPX-Type3]
Sep  2 17:40:48 backmain kernel: [    1.234198] acpi PNP0A03:00: _OSC: not requesting OS control; OS requires [ExtendedConfig ASPM ClockPM MSI]
Sep  2 17:40:48 backmain kernel: [    1.234480] acpi PNP0A03:00: fail to add MMCONFIG information, can't access extended PCI configuration space under this bridge.
Sep  2 17:40:48 backmain kernel: [    1.239117] PCI host bridge to bus 0000:00
Sep  2 17:40:48 backmain kernel: [    1.242474] pci_bus 0000:00: root bus resource [bus 00-ff]
Sep  2 17:40:48 backmain kernel: [    1.244512] pci_bus 0000:00: root bus resource [io  0x0000-0x0cf7 window]
Sep  2 17:40:48 backmain kernel: [    1.246478] pci_bus 0000:00: root bus resource [io  0x0d00-0xffff window]
Sep  2 17:40:48 backmain kernel: [    1.248974] pci_bus 0000:00: root bus resource [mem 0x000a0000-0x000bffff window]
Sep  2 17:40:48 backmain kernel: [    1.250473] pci_bus 0000:00: root bus resource [mem 0xe0000000-0xfdffffff window]
Sep  2 17:40:48 backmain kernel: [    1.255146] pci 0000:00:00.0: [8086:1237] type 00 class 0x060000
Sep  2 17:40:48 backmain kernel: [    1.265125] pci 0000:00:01.0: [8086:7000] type 00 class 0x060100
Sep  2 17:40:48 backmain kernel: [    1.268533] pci 0000:00:01.1: [8086:7111] type 00 class 0x01018a
Sep  2 17:40:48 backmain kernel: [    1.270469] pci 0000:00:01.1: reg 0x20: [io  0xd000-0xd00f]
Sep  2 17:40:48 backmain kernel: [    1.270953] pci 0000:00:01.1: legacy IDE quirk: reg 0x10: [io  0x01f0-0x01f7]
Sep  2 17:40:48 backmain kernel: [    1.274482] pci 0000:00:01.1: legacy IDE quirk: reg 0x14: [io  0x03f6]
Sep  2 17:40:48 backmain kernel: [    1.278472] pci 0000:00:01.1: legacy IDE quirk: reg 0x18: [io  0x0170-0x0177]
Sep  2 17:40:48 backmain kernel: [    1.281138] pci 0000:00:01.1: legacy IDE quirk: reg 0x1c: [io  0x0376]
Sep  2 17:40:48 backmain kernel: [    1.290716] pci 0000:00:02.0: [15ad:0405] type 00 class 0x030000
Sep  2 17:40:48 backmain kernel: [    1.294469] pci 0000:00:02.0: reg 0x10: [io  0xd010-0xd01f]
Sep  2 17:40:48 backmain kernel: [    1.295963] pci 0000:00:02.0: reg 0x14: [mem 0xe0000000-0xe0ffffff pref]
Sep  2 17:40:48 backmain kernel: [    1.299519] pci 0000:00:02.0: reg 0x18: [mem 0xf0000000-0xf01fffff]
Sep  2 17:40:48 backmain kernel: [    1.306668] pci 0000:00:02.0: Video device with shadowed ROM at [mem 0x000c0000-0x000dffff]
Sep  2 17:40:48 backmain kernel: [    1.314709] pci 0000:00:03.0: [8086:100e] type 00 class 0x020000
Sep  2 17:40:48 backmain kernel: [    1.317696] pci 0000:00:03.0: reg 0x10: [mem 0xf0200000-0xf021ffff]
Sep  2 17:40:48 backmain kernel: [    1.318976] pci 0000:00:03.0: reg 0x18: [io  0xd020-0xd027]
Sep  2 17:40:48 backmain kernel: [    1.330987] pci 0000:00:04.0: [80ee:cafe] type 00 class 0x088000
Sep  2 17:40:48 backmain kernel: [    1.334088] pci 0000:00:04.0: reg 0x10: [io  0xd040-0xd05f]
Sep  2 17:40:48 backmain kernel: [    1.338477] pci 0000:00:04.0: reg 0x14: [mem 0xf0400000-0xf07fffff]
Sep  2 17:40:48 backmain kernel: [    1.341660] pci 0000:00:04.0: reg 0x18: [mem 0xf0800000-0xf0803fff pref]
Sep  2 17:40:48 backmain kernel: [    1.355259] pci 0000:00:05.0: [8086:2415] type 00 class 0x040100
Sep  2 17:40:48 backmain kernel: [    1.357970] pci 0000:00:05.0: reg 0x10: [io  0xd100-0xd1ff]
Sep  2 17:40:48 backmain kernel: [    1.358674] pci 0000:00:05.0: reg 0x14: [io  0xd200-0xd23f]
Sep  2 17:40:48 backmain kernel: [    1.368879] pci 0000:00:06.0: [106b:003f] type 00 class 0x0c0310
Sep  2 17:40:48 backmain kernel: [    1.370469] pci 0000:00:06.0: reg 0x10: [mem 0xf0804000-0xf0804fff]
Sep  2 17:40:48 backmain kernel: [    1.379790] pci 0000:00:07.0: [8086:7113] type 00 class 0x068000
Sep  2 17:40:48 backmain kernel: [    1.383632] pci 0000:00:07.0: quirk: [io  0x4000-0x403f] claimed by PIIX4 ACPI
Sep  2 17:40:48 backmain kernel: [    1.386503] pci 0000:00:07.0: quirk: [io  0x4100-0x410f] claimed by PIIX4 SMB
Sep  2 17:40:48 backmain kernel: [    1.412454] pci 0000:00:0b.0: [8086:265c] type 00 class 0x0c0320
Sep  2 17:40:48 backmain kernel: [    1.415144] pci 0000:00:0b.0: reg 0x10: [mem 0xf0805000-0xf0805fff]
Sep  2 17:40:48 backmain kernel: [    1.431806] pci 0000:00:0d.0: [8086:2829] type 00 class 0x010601
Sep  2 17:40:48 backmain kernel: [    1.434635] pci 0000:00:0d.0: reg 0x10: [io  0xd240-0xd247]
Sep  2 17:40:48 backmain kernel: [    1.438070] pci 0000:00:0d.0: reg 0x14: [io  0xd248-0xd24b]
Sep  2 17:40:48 backmain kernel: [    1.438711] pci 0000:00:0d.0: reg 0x18: [io  0xd250-0xd257]
Sep  2 17:40:48 backmain kernel: [    1.442718] pci 0000:00:0d.0: reg 0x1c: [io  0xd258-0xd25b]
Sep  2 17:40:48 backmain kernel: [    1.445223] pci 0000:00:0d.0: reg 0x20: [io  0xd260-0xd26f]
Sep  2 17:40:48 backmain kernel: [    1.446708] pci 0000:00:0d.0: reg 0x24: [mem 0xf0806000-0xf0807fff]
Sep  2 17:40:48 backmain kernel: [    1.563455] ACPI: PCI: Interrupt link LNKA configured for IRQ 11
Sep  2 17:40:48 backmain kernel: [    1.566127] ACPI: PCI: Interrupt link LNKB configured for IRQ 10
Sep  2 17:40:48 backmain kernel: [    1.566659] ACPI: PCI: Interrupt link LNKC configured for IRQ 9
Sep  2 17:40:48 backmain kernel: [    1.570486] ACPI: PCI: Interrupt link LNKD configured for IRQ 11
Sep  2 17:40:48 backmain kernel: [    1.574829] iommu: Default domain type: Translated 
Sep  2 17:40:48 backmain kernel: [    1.576956] iommu: DMA domain TLB invalidation policy: lazy mode 
Sep  2 17:40:48 backmain kernel: [    1.578772] SCSI subsystem initialized
Sep  2 17:40:48 backmain kernel: [    1.582675] libata version 3.00 loaded.
Sep  2 17:40:48 backmain kernel: [    1.582795] pci 0000:00:02.0: vgaarb: setting as boot VGA device
Sep  2 17:40:48 backmain kernel: [    1.584957] pci 0000:00:02.0: vgaarb: VGA device added: decodes=io+mem,owns=io+mem,locks=none
Sep  2 17:40:48 backmain kernel: [    1.586478] pci 0000:00:02.0: vgaarb: bridge control possible
Sep  2 17:40:48 backmain kernel: [    1.590472] vgaarb: loaded
Sep  2 17:40:48 backmain kernel: [    1.591886] ACPI: bus type USB registered
Sep  2 17:40:48 backmain kernel: [    1.594510] usbcore: registered new interface driver usbfs
Sep  2 17:40:48 backmain kernel: [    1.596556] usbcore: registered new interface driver hub
Sep  2 17:40:48 backmain kernel: [    1.598489] usbcore: registered new device driver usb
Sep  2 17:40:48 backmain kernel: [    1.600842] pps_core: LinuxPPS API ver. 1 registered
Sep  2 17:40:48 backmain kernel: [    1.602473] pps_core: Software ver. 5.3.6 - Copyright 2005-2007 Rodolfo Giometti <giometti@linux.it>
Sep  2 17:40:48 backmain kernel: [    1.606479] PTP clock support registered
Sep  2 17:40:48 backmain kernel: [    1.610702] EDAC MC: Ver: 3.0.0
Sep  2 17:40:48 backmain kernel: [    1.615165] NetLabel: Initializing
Sep  2 17:40:48 backmain kernel: [    1.616319] NetLabel:  domain hash size = 128
Sep  2 17:40:48 backmain kernel: [    1.618475] NetLabel:  protocols = UNLABELED CIPSOv4 CALIPSO
Sep  2 17:40:48 backmain kernel: [    1.620909] NetLabel:  unlabeled traffic allowed by default
Sep  2 17:40:48 backmain kernel: [    1.622607] PCI: Using ACPI for IRQ routing
Sep  2 17:40:48 backmain kernel: [    1.624313] PCI: pci_cache_line_size set to 64 bytes
Sep  2 17:40:48 backmain kernel: [    1.624949] e820: reserve RAM buffer [mem 0x0009fc00-0x0009ffff]
Sep  2 17:40:48 backmain kernel: [    1.624953] e820: reserve RAM buffer [mem 0xdfff0000-0xdfffffff]
Sep  2 17:40:48 backmain kernel: [    1.629156] clocksource: Switched to clocksource kvm-clock
Sep  2 17:40:48 backmain kernel: [    1.673692] VFS: Disk quotas dquot_6.6.0
Sep  2 17:40:48 backmain kernel: [    1.675871] VFS: Dquot-cache hash table entries: 512 (order 0, 4096 bytes)
Sep  2 17:40:48 backmain kernel: [    1.679414] AppArmor: AppArmor Filesystem Enabled
Sep  2 17:40:48 backmain kernel: [    1.681733] pnp: PnP ACPI init
Sep  2 17:40:48 backmain kernel: [    1.683032] pnp: PnP ACPI: found 2 devices
Sep  2 17:40:48 backmain kernel: [    1.694384] clocksource: acpi_pm: mask: 0xffffff max_cycles: 0xffffff, max_idle_ns: 2085701024 ns
Sep  2 17:40:48 backmain kernel: [    1.701014] NET: Registered PF_INET protocol family
Sep  2 17:40:48 backmain kernel: [    1.704726] IP idents hash table entries: 131072 (order: 8, 1048576 bytes, linear)
Sep  2 17:40:48 backmain kernel: [    1.715897] tcp_listen_portaddr_hash hash table entries: 4096 (order: 4, 65536 bytes, linear)
Sep  2 17:40:48 backmain kernel: [    1.720401] Table-perturb hash table entries: 65536 (order: 6, 262144 bytes, linear)
Sep  2 17:40:48 backmain kernel: [    1.726383] TCP established hash table entries: 65536 (order: 7, 524288 bytes, linear)
Sep  2 17:40:48 backmain kernel: [    1.729354] TCP bind hash table entries: 65536 (order: 8, 1048576 bytes, linear)
Sep  2 17:40:48 backmain kernel: [    1.729354] TCP: Hash tables configured (established 65536 bind 65536)
Sep  2 17:40:48 backmain kernel: [    1.729354] MPTCP token hash table entries: 8192 (order: 5, 196608 bytes, linear)
Sep  2 17:40:48 backmain kernel: [    1.729354] UDP hash table entries: 4096 (order: 5, 131072 bytes, linear)
Sep  2 17:40:48 backmain kernel: [    1.729354] UDP-Lite hash table entries: 4096 (order: 5, 131072 bytes, linear)
Sep  2 17:40:48 backmain kernel: [    1.729354] NET: Registered PF_UNIX/PF_LOCAL protocol family
Sep  2 17:40:48 backmain kernel: [    1.729354] NET: Registered PF_XDP protocol family
Sep  2 17:40:48 backmain kernel: [    1.729354] pci_bus 0000:00: resource 4 [io  0x0000-0x0cf7 window]
Sep  2 17:40:48 backmain kernel: [    1.729354] pci_bus 0000:00: resource 5 [io  0x0d00-0xffff window]
Sep  2 17:40:48 backmain kernel: [    1.729354] pci_bus 0000:00: resource 6 [mem 0x000a0000-0x000bffff window]
Sep  2 17:40:48 backmain kernel: [    1.729354] pci_bus 0000:00: resource 7 [mem 0xe0000000-0xfdffffff window]
Sep  2 17:40:48 backmain kernel: [    1.729354] pci 0000:00:00.0: Limiting direct PCI/PCI transfers
Sep  2 17:40:48 backmain kernel: [    1.729354] pci 0000:00:01.0: Activating ISA DMA hang workarounds
Sep  2 17:40:48 backmain systemd[1]: Starting System Logging Service...
Sep  2 17:40:48 backmain systemd[1]: Condition check resulted in Secure Boot updates for DB and DBX being skipped.
Sep  2 17:40:48 backmain systemd[1]: Condition check resulted in Userspace listener for prompt events being skipped.
Sep  2 17:40:48 backmain systemd[1]: Condition check resulted in Automatically repair incorrect owner/permissions on core devices being skipped.
Sep  2 17:40:48 backmain systemd[1]: Condition check resulted in Wait for the Ubuntu Core chooser trigger being skipped.
Sep  2 17:40:48 backmain systemd[1]: Reached target Preparation for Logins.
Sep  2 17:40:48 backmain dbus-daemon[679]: dbus[679]: Unknown group "power" in message bus configuration file
Sep  2 17:40:48 backmain systemd[1]: Starting Snap Daemon...
Sep  2 17:40:48 backmain kernel: [    1.729354] PCI: CLS 0 bytes, default 64
Sep  2 17:40:48 backmain kernel: [    1.729354] PCI-DMA: Using software bounce buffering for IO (SWIOTLB)
Sep  2 17:40:48 backmain kernel: [    1.778923] Trying to unpack rootfs image as initramfs...
Sep  2 17:40:48 backmain kernel: [    1.782498] software IO TLB: mapped [mem 0x00000000dbff0000-0x00000000dfff0000] (64MB)
Sep  2 17:40:48 backmain kernel: [    1.788869] platform rtc_cmos: registered platform RTC device (no PNP device found)
Sep  2 17:40:48 backmain kernel: [    1.795703] Initialise system trusted keyrings
Sep  2 17:40:48 backmain kernel: [    1.799099] Key type blacklist registered
Sep  2 17:40:48 backmain kernel: [    1.803673] workingset: timestamp_bits=36 max_order=21 bucket_order=0
Sep  2 17:40:48 backmain kernel: [    1.810696] zbud: loaded
Sep  2 17:40:48 backmain kernel: [    1.813026] squashfs: version 4.0 (2009/01/31) Phillip Lougher
Sep  2 17:40:48 backmain kernel: [    1.817747] fuse: init (API version 7.34)
Sep  2 17:40:48 backmain kernel: [    1.822614] integrity: Platform Keyring initialized
Sep  2 17:40:48 backmain kernel: [    1.836659] Key type asymmetric registered
Sep  2 17:40:48 backmain kernel: [    1.839094] Asymmetric key parser 'x509' registered
Sep  2 17:40:48 backmain kernel: [    1.841593] Block layer SCSI generic (bsg) driver version 0.4 loaded (major 243)
Sep  2 17:40:48 backmain kernel: [    1.848511] io scheduler mq-deadline registered
Sep  2 17:40:48 backmain kernel: [    1.854422] shpchp: Standard Hot Plug PCI Controller Driver version: 0.4
Sep  2 17:40:48 backmain kernel: [    1.858117] ACPI: AC: AC Adapter [AC] (on-line)
Sep  2 17:40:48 backmain kernel: [    1.860417] input: Power Button as /devices/LNXSYSTM:00/LNXPWRBN:00/input/input0
Sep  2 17:40:48 backmain kernel: [    1.866570] ACPI: button: Power Button [PWRF]
Sep  2 17:40:48 backmain kernel: [    1.869085] input: Sleep Button as /devices/LNXSYSTM:00/LNXSLPBN:00/input/input1
Sep  2 17:40:48 backmain kernel: [    1.873456] ACPI: button: Sleep Button [SLPF]
Sep  2 17:40:48 backmain kernel: [    1.879151] Serial: 8250/16550 driver, 32 ports, IRQ sharing enabled
Sep  2 17:40:48 backmain kernel: [    1.883555] ACPI: battery: Slot [BAT0] (battery present)
Sep  2 17:40:48 backmain kernel: [    1.891740] Linux agpgart interface v0.103
Sep  2 17:40:48 backmain kernel: [    1.903921] loop: module loaded
Sep  2 17:40:48 backmain kernel: [    1.907924] ata_piix 0000:00:01.1: version 2.13
Sep  2 17:40:48 backmain kernel: [    1.912088] scsi host0: ata_piix
Sep  2 17:40:48 backmain kernel: [    1.918407] scsi host1: ata_piix
Sep  2 17:40:48 backmain kernel: [    1.920708] ata1: PATA max UDMA/33 cmd 0x1f0 ctl 0x3f6 bmdma 0xd000 irq 14
Sep  2 17:40:48 backmain kernel: [    1.925515] ata2: PATA max UDMA/33 cmd 0x170 ctl 0x376 bmdma 0xd008 irq 15
Sep  2 17:40:48 backmain kernel: [    1.929641] tun: Universal TUN/TAP device driver, 1.6
Sep  2 17:40:48 backmain kernel: [    1.932297] PPP generic driver version 2.4.2
Sep  2 17:40:48 backmain kernel: [    1.934970] VFIO - User Level meta-driver version: 0.3
Sep  2 17:40:48 backmain kernel: [    1.939767] ehci_hcd: USB 2.0 'Enhanced' Host Controller (EHCI) Driver
Sep  2 17:40:48 backmain kernel: [    1.943538] ehci-pci: EHCI PCI platform driver
Sep  2 17:40:48 backmain kernel: [    1.947358] ehci-pci 0000:00:0b.0: EHCI Host Controller
Sep  2 17:40:48 backmain kernel: [    1.947358] ehci-pci 0000:00:0b.0: new USB bus registered, assigned bus number 1
Sep  2 17:40:48 backmain kernel: [    1.947358] ehci-pci 0000:00:0b.0: irq 19, io mem 0xf0805000
Sep  2 17:40:48 backmain kernel: [    1.976906] ehci-pci 0000:00:0b.0: USB 2.0 started, EHCI 1.00
Sep  2 17:40:48 backmain kernel: [    1.982593] usb usb1: New USB device found, idVendor=1d6b, idProduct=0002, bcdDevice= 5.15
Sep  2 17:40:48 backmain kernel: [    1.987569] usb usb1: New USB device strings: Mfr=3, Product=2, SerialNumber=1
Sep  2 17:40:48 backmain kernel: [    1.991678] usb usb1: Product: EHCI Host Controller
Sep  2 17:40:48 backmain kernel: [    1.994599] usb usb1: Manufacturer: Linux 5.15.0-82-generic ehci_hcd
Sep  2 17:40:48 backmain kernel: [    1.998667] usb usb1: SerialNumber: 0000:00:0b.0
Sep  2 17:40:48 backmain kernel: [    2.001365] hub 1-0:1.0: USB hub found
Sep  2 17:40:48 backmain kernel: [    2.002621] hub 1-0:1.0: 12 ports detected
Sep  2 17:40:48 backmain kernel: [    2.002621] ehci-platform: EHCI generic platform driver
Sep  2 17:40:48 backmain kernel: [    2.002621] ohci_hcd: USB 1.1 'Open' Host Controller (OHCI) Driver
Sep  2 17:40:48 backmain kernel: [    2.002621] ohci-pci: OHCI PCI platform driver
Sep  2 17:40:48 backmain kernel: [    2.002621] ohci-pci 0000:00:06.0: OHCI PCI host controller
Sep  2 17:40:48 backmain kernel: [    2.002621] ohci-pci 0000:00:06.0: new USB bus registered, assigned bus number 2
Sep  2 17:40:48 backmain kernel: [    2.002621] ohci-pci 0000:00:06.0: irq 22, io mem 0xf0804000
Sep  2 17:40:48 backmain kernel: [    2.082444] usb usb2: New USB device found, idVendor=1d6b, idProduct=0001, bcdDevice= 5.15
Sep  2 17:40:48 backmain kernel: [    2.086824] usb usb2: New USB device strings: Mfr=3, Product=2, SerialNumber=1
Sep  2 17:40:48 backmain kernel: [    2.090771] usb usb2: Product: OHCI PCI host controller
Sep  2 17:40:48 backmain kernel: [    2.093840] usb usb2: Manufacturer: Linux 5.15.0-82-generic ohci_hcd
Sep  2 17:40:48 backmain kernel: [    2.105034] usb usb2: SerialNumber: 0000:00:06.0
Sep  2 17:40:48 backmain kernel: [    2.109601] hub 2-0:1.0: USB hub found
Sep  2 17:40:48 backmain kernel: [    2.113449] hub 2-0:1.0: 12 ports detected
Sep  2 17:40:48 backmain kernel: [    2.120015] ohci-platform: OHCI generic platform driver
Sep  2 17:40:48 backmain kernel: [    2.126983] uhci_hcd: USB Universal Host Controller Interface driver
Sep  2 17:40:48 backmain kernel: [    2.134993] i8042: PNP: PS/2 Controller [PNP0303:PS2K,PNP0f03:PS2M] at 0x60,0x64 irq 1,12
Sep  2 17:40:48 backmain kernel: [    2.142723] ata2.00: ATAPI: VBOX CD-ROM, 1.0, max UDMA/133
Sep  2 17:40:48 backmain kernel: [    2.148125] serio: i8042 KBD port at 0x60,0x64 irq 1
Sep  2 17:40:48 backmain kernel: [    2.151571] serio: i8042 AUX port at 0x60,0x64 irq 12
Sep  2 17:40:48 backmain kernel: [    2.153497] scsi 1:0:0:0: CD-ROM            VBOX     CD-ROM           1.0  PQ: 0 ANSI: 5
Sep  2 17:40:48 backmain kernel: [    2.155169] mousedev: PS/2 mouse device common for all mice
Sep  2 17:40:48 backmain kernel: [    2.169562] input: AT Translated Set 2 keyboard as /devices/platform/i8042/serio0/input/input2
Sep  2 17:40:48 backmain kernel: [    2.177440] rtc_cmos rtc_cmos: registered as rtc0
Sep  2 17:40:48 backmain kernel: [    2.181329] rtc_cmos rtc_cmos: setting system clock to 2023-09-02T17:40:24 UTC (1693676424)
Sep  2 17:40:48 backmain kernel: [    2.188690] rtc_cmos rtc_cmos: alarms up to one day, 114 bytes nvram
Sep  2 17:40:48 backmain kernel: [    2.193439] i2c_dev: i2c /dev entries driver
Sep  2 17:40:48 backmain kernel: [    2.196527] device-mapper: core: CONFIG_IMA_DISABLE_HTABLE is disabled. Duplicate IMA measurements will not be recorded in the IMA log.
Sep  2 17:40:48 backmain kernel: [    2.203075] sr 1:0:0:0: [sr0] scsi3-mmc drive: 32x/32x xa/form2 tray
Sep  2 17:40:48 backmain kernel: [    2.203843] device-mapper: uevent: version 1.0.3
Sep  2 17:40:48 backmain kernel: [    2.207400] cdrom: Uniform CD-ROM driver Revision: 3.20
Sep  2 17:40:48 backmain kernel: [    2.214935] device-mapper: ioctl: 4.45.0-ioctl (2021-03-22) initialised: dm-devel@redhat.com
Sep  2 17:40:48 backmain kernel: [    2.214946] platform eisa.0: Probing EISA bus 0
Sep  2 17:40:48 backmain kernel: [    2.214946] platform eisa.0: EISA: Cannot allocate resource for mainboard
Sep  2 17:40:48 backmain kernel: [    2.214946] platform eisa.0: Cannot allocate resource for EISA slot 1
Sep  2 17:40:48 backmain kernel: [    2.214946] platform eisa.0: Cannot allocate resource for EISA slot 2
Sep  2 17:40:48 backmain kernel: [    2.214946] platform eisa.0: Cannot allocate resource for EISA slot 3
Sep  2 17:40:48 backmain kernel: [    2.214946] platform eisa.0: Cannot allocate resource for EISA slot 4
Sep  2 17:40:48 backmain kernel: [    2.214946] platform eisa.0: Cannot allocate resource for EISA slot 5
Sep  2 17:40:48 backmain kernel: [    2.214946] platform eisa.0: Cannot allocate resource for EISA slot 6
Sep  2 17:40:48 backmain kernel: [    2.214946] platform eisa.0: Cannot allocate resource for EISA slot 7
Sep  2 17:40:48 backmain kernel: [    2.214946] platform eisa.0: Cannot allocate resource for EISA slot 8
Sep  2 17:40:48 backmain kernel: [    2.214946] platform eisa.0: EISA: Detected 0 cards
Sep  2 17:40:48 backmain kernel: [    2.214946] intel_pstate: CPU model not supported
Sep  2 17:40:48 backmain kernel: [    2.263000] ledtrig-cpu: registered to indicate activity on CPUs
Sep  2 17:40:48 backmain kernel: [    2.269012] drop_monitor: Initializing network drop monitor service
Sep  2 17:40:48 backmain kernel: [    2.272931] NET: Registered PF_INET6 protocol family
Sep  2 17:40:48 backmain kernel: [    2.281312] sr 1:0:0:0: Attached scsi CD-ROM sr0
Sep  2 17:40:48 backmain kernel: [    2.282483] sr 1:0:0:0: Attached scsi generic sg0 type 5
Sep  2 17:40:48 backmain kernel: [    2.776225] usb 2-1: new full-speed USB device number 2 using ohci-pci
Sep  2 17:40:48 backmain kernel: [    3.107116] usb 2-1: New USB device found, idVendor=80ee, idProduct=0021, bcdDevice= 1.00
Sep  2 17:40:48 backmain kernel: [    3.112193] usb 2-1: New USB device strings: Mfr=1, Product=3, SerialNumber=0
Sep  2 17:40:48 backmain kernel: [    3.115789] usb 2-1: Product: USB Tablet
Sep  2 17:40:48 backmain kernel: [    3.118066] usb 2-1: Manufacturer: VirtualBox
Sep  2 17:40:48 backmain kernel: [    3.711649] Freeing initrd memory: 107016K
Sep  2 17:40:48 backmain kernel: [    3.736035] Segment Routing with IPv6
Sep  2 17:40:48 backmain kernel: [    3.738251] In-situ OAM (IOAM) with IPv6
Sep  2 17:40:48 backmain kernel: [    3.740268] NET: Registered PF_PACKET protocol family
Sep  2 17:40:48 backmain kernel: [    3.744172] Key type dns_resolver registered
Sep  2 17:40:48 backmain kernel: [    3.754356] IPI shorthand broadcast: enabled
Sep  2 17:40:48 backmain kernel: [    3.757009] sched_clock: Marking stable (3329081260, 425051536)->(3817889533, -63756737)
Sep  2 17:40:48 backmain kernel: [    3.763094] registered taskstats version 1
Sep  2 17:40:48 backmain kernel: [    3.771498] Loading compiled-in X.509 certificates
Sep  2 17:40:48 backmain kernel: [    3.779401] Loaded X.509 cert 'Build time autogenerated kernel key: 87d25e4b2b21728710e1f4f35179c54af11f4194'
Sep  2 17:40:48 backmain kernel: [    3.785301] Loaded X.509 cert 'Canonical Ltd. Live Patch Signing: 14df34d1a87cf37625abec039ef2bf521249b969'
Sep  2 17:40:48 backmain kernel: [    3.793754] Loaded X.509 cert 'Canonical Ltd. Kernel Module Signing: 88f752e560a1e0737e31163a466ad7b70a850c19'
Sep  2 17:40:48 backmain kernel: [    3.799227] blacklist: Loading compiled-in revocation X.509 certificates
Sep  2 17:40:48 backmain kernel: [    3.802986] Loaded X.509 cert 'Canonical Ltd. Secure Boot Signing: 61482aa2830d0ab2ad5af10b7250da9033ddcef0'
Sep  2 17:40:48 backmain kernel: [    3.808128] Loaded X.509 cert 'Canonical Ltd. Secure Boot Signing (2017): 242ade75ac4a15e50d50c84b0d45ff3eae707a03'
Sep  2 17:40:48 backmain kernel: [    3.817923] Loaded X.509 cert 'Canonical Ltd. Secure Boot Signing (ESM 2018): 365188c1d374d6b07c3c8f240f8ef722433d6a8b'
Sep  2 17:40:48 backmain kernel: [    3.823588] Loaded X.509 cert 'Canonical Ltd. Secure Boot Signing (2019): c0746fd6c5da3ae827864651ad66ae47fe24b3e8'
Sep  2 17:40:48 backmain kernel: [    3.829239] Loaded X.509 cert 'Canonical Ltd. Secure Boot Signing (2021 v1): a8d54bbb3825cfb94fa13c9f8a594a195c107b8d'
Sep  2 17:40:48 backmain kernel: [    3.836162] Loaded X.509 cert 'Canonical Ltd. Secure Boot Signing (2021 v2): 4cf046892d6fd3c9a5b03f98d845f90851dc6a8c'
Sep  2 17:40:48 backmain kernel: [    3.841697] Loaded X.509 cert 'Canonical Ltd. Secure Boot Signing (2021 v3): 100437bb6de6e469b581e61cd66bce3ef4ed53af'
Sep  2 17:40:48 backmain kernel: [    3.847264] Loaded X.509 cert 'Canonical Ltd. Secure Boot Signing (Ubuntu Core 2019): c1d57b8f6b743f23ee41f4f7ee292f06eecadfb9'
Sep  2 17:40:48 backmain kernel: [    3.855385] zswap: loaded using pool lzo/zbud
Sep  2 17:40:48 backmain kernel: [    3.862401] Key type .fscrypt registered
Sep  2 17:40:48 backmain kernel: [    3.864303] Key type fscrypt-provisioning registered
Sep  2 17:40:48 backmain kernel: [    3.888556] Key type encrypted registered
Sep  2 17:40:48 backmain kernel: [    3.890621] AppArmor: AppArmor sha1 policy hashing enabled
Sep  2 17:40:48 backmain kernel: [    3.893044] ima: No TPM chip found, activating TPM-bypass!
Sep  2 17:40:48 backmain kernel: [    3.896648] Loading compiled-in module X.509 certificates
Sep  2 17:40:48 backmain kernel: [    3.899798] Loaded X.509 cert 'Build time autogenerated kernel key: 87d25e4b2b21728710e1f4f35179c54af11f4194'
Sep  2 17:40:48 backmain kernel: [    3.904908] ima: Allocated hash algorithm: sha1
Sep  2 17:40:48 backmain kernel: [    3.906971] ima: No architecture policies found
Sep  2 17:40:48 backmain kernel: [    3.909100] evm: Initialising EVM extended attributes:
Sep  2 17:40:48 backmain kernel: [    3.911335] evm: security.selinux
Sep  2 17:40:48 backmain kernel: [    3.912883] evm: security.SMACK64
Sep  2 17:40:48 backmain kernel: [    3.914502] evm: security.SMACK64EXEC
Sep  2 17:40:48 backmain kernel: [    3.916359] evm: security.SMACK64TRANSMUTE
Sep  2 17:40:48 backmain kernel: [    3.918287] evm: security.SMACK64MMAP
Sep  2 17:40:48 backmain kernel: [    3.919990] evm: security.apparmor
Sep  2 17:40:48 backmain kernel: [    3.921566] evm: security.ima
Sep  2 17:40:48 backmain kernel: [    3.922973] evm: security.capability
Sep  2 17:40:48 backmain kernel: [    3.924625] evm: HMAC attrs: 0x1
Sep  2 17:40:48 backmain kernel: [    3.930918] PM:   Magic number: 7:105:693
Sep  2 17:40:48 backmain kernel: [    3.935934] RAS: Correctable Errors collector initialized.
Sep  2 17:40:48 backmain kernel: [    3.941151] Freeing unused decrypted memory: 2036K
Sep  2 17:40:48 backmain kernel: [    3.944758] Freeing unused kernel image (initmem) memory: 3352K
Sep  2 17:40:48 backmain kernel: [    3.958050] Write protecting the kernel read-only data: 30720k
Sep  2 17:40:48 backmain kernel: [    3.964365] Freeing unused kernel image (text/rodata gap) memory: 2036K
Sep  2 17:40:48 backmain kernel: [    3.969026] Freeing unused kernel image (rodata/data gap) memory: 1428K
Sep  2 17:40:48 backmain kernel: [    3.983450] x86/mm: Checked W+X mappings: passed, no W+X pages found.
Sep  2 17:40:48 backmain kernel: [    3.986710] Run /init as init process
Sep  2 17:40:48 backmain kernel: [    3.988378]   with arguments:
Sep  2 17:40:48 backmain kernel: [    3.988381]     /init
Sep  2 17:40:48 backmain kernel: [    3.988382]   with environment:
Sep  2 17:40:48 backmain kernel: [    3.988383]     HOME=/
Sep  2 17:40:48 backmain kernel: [    3.988384]     TERM=linux
Sep  2 17:40:48 backmain kernel: [    3.988385]     BOOT_IMAGE=/vmlinuz-5.15.0-82-generic
Sep  2 17:40:48 backmain kernel: [    4.249759] e1000: Intel(R) PRO/1000 Network Driver
Sep  2 17:40:48 backmain kernel: [    4.250461] ACPI: video: Video Device [GFX0] (multi-head: yes  rom: no  post: no)
Sep  2 17:40:48 backmain kernel: [    4.253494] e1000: Copyright (c) 1999-2006 Intel Corporation.
Sep  2 17:40:48 backmain kernel: [    4.257998] cryptd: max_cpu_qlen set to 1000
Sep  2 17:40:48 backmain kernel: [    4.270182] input: Video Bus as /devices/LNXSYSTM:00/LNXSYBUS:00/PNP0A03:00/LNXVIDEO:00/input/input4
Sep  2 17:40:48 backmain kernel: [    4.286435] SSE version of gcm_enc/dec engaged.
Sep  2 17:40:48 backmain kernel: [    4.289971] piix4_smbus 0000:00:07.0: SMBus Host Controller at 0x4100, revision 0
Sep  2 17:40:48 backmain kernel: [    4.297924] hid: raw HID events driver (C) Jiri Kosina
Sep  2 17:40:48 backmain kernel: [    4.304075] ahci 0000:00:0d.0: version 3.0
Sep  2 17:40:48 backmain kernel: [    4.306983] ahci 0000:00:0d.0: SSS flag set, parallel bus scan disabled
Sep  2 17:40:48 backmain kernel: [    4.314101] ahci 0000:00:0d.0: AHCI 0001.0100 32 slots 1 ports 3 Gbps 0x1 impl SATA mode
Sep  2 17:40:48 backmain kernel: [    4.321267] ahci 0000:00:0d.0: flags: 64bit ncq stag only ccc 
Sep  2 17:40:48 backmain kernel: [    4.341298] scsi host2: ahci
Sep  2 17:40:48 backmain kernel: [    4.353141] ata3: SATA max UDMA/133 abar m8192@0xf0806000 port 0xf0806100 irq 21
Sep  2 17:40:48 backmain kernel: [    4.390455] usbcore: registered new interface driver usbhid
Sep  2 17:40:48 backmain kernel: [    4.398027] usbhid: USB HID core driver
Sep  2 17:40:48 backmain kernel: [    4.679382] ata3: SATA link up 3.0 Gbps (SStatus 123 SControl 300)
Sep  2 17:40:48 backmain kernel: [    4.682845] ata3.00: ATA-6: VBOX HARDDISK, 1.0, max UDMA/133
Sep  2 17:40:48 backmain kernel: [    4.692649] ata3.00: 83886080 sectors, multi 128: LBA48 NCQ (depth 32)
Sep  2 17:40:48 backmain kernel: [    4.697912] ata3.00: configured for UDMA/133
Sep  2 17:40:48 backmain kernel: [    4.701220] scsi 2:0:0:0: Direct-Access     ATA      VBOX HARDDISK    1.0  PQ: 0 ANSI: 5
Sep  2 17:40:48 backmain kernel: [    4.712298] sd 2:0:0:0: [sda] 83886080 512-byte logical blocks: (42.9 GB/40.0 GiB)
Sep  2 17:40:48 backmain kernel: [    4.712605] sd 2:0:0:0: Attached scsi generic sg1 type 0
Sep  2 17:40:48 backmain kernel: [    4.717689] sd 2:0:0:0: [sda] Write Protect is off
Sep  2 17:40:48 backmain kernel: [    4.723973] sd 2:0:0:0: [sda] Mode Sense: 00 3a 00 00
Sep  2 17:40:48 backmain kernel: [    4.724057] sd 2:0:0:0: [sda] Write cache: enabled, read cache: enabled, doesn't support DPO or FUA
Sep  2 17:40:48 backmain kernel: [    4.744334] input: ImExPS/2 Generic Explorer Mouse as /devices/platform/i8042/serio1/input/input5
Sep  2 17:40:48 backmain kernel: [    5.035752]  sda: sda1 sda2 sda3
Sep  2 17:40:48 backmain kernel: [    5.080456] e1000 0000:00:03.0 eth0: (PCI:33MHz:32-bit) 08:00:27:ef:37:97
Sep  2 17:40:48 backmain kernel: [    5.084870] e1000 0000:00:03.0 eth0: Intel(R) PRO/1000 Network Connection
Sep  2 17:40:48 backmain kernel: [    5.107017] sd 2:0:0:0: [sda] Attached SCSI disk
Sep  2 17:40:48 backmain kernel: [    5.122018] e1000 0000:00:03.0 enp0s3: renamed from eth0
Sep  2 17:40:48 backmain kernel: [    5.143412] input: VirtualBox USB Tablet as /devices/pci0000:00/0000:00:06.0/usb2/2-1/2-1:1.0/0003:80EE:0021.0001/input/input6
Sep  2 17:40:48 backmain kernel: [    5.151317] hid-generic 0003:80EE:0021.0001: input,hidraw0: USB HID v1.10 Mouse [VirtualBox USB Tablet] on usb-0000:00:06.0-1/input0
Sep  2 17:40:48 backmain kernel: [    5.201677] vmwgfx 0000:00:02.0: vgaarb: deactivate vga console
Sep  2 17:40:48 backmain kernel: [    5.207939] Console: switching to colour dummy device 80x25
Sep  2 17:40:48 backmain kernel: [    5.221434] [TTM] Zone  kernel: Available graphics memory: 4064176 KiB
Sep  2 17:40:48 backmain kernel: [    5.221447] [TTM] Zone   dma32: Available graphics memory: 2097152 KiB
Sep  2 17:40:48 backmain kernel: [    5.221786] vmwgfx 0000:00:02.0: [drm] FIFO at 0x00000000f0000000 size is 2048 kiB
Sep  2 17:40:48 backmain kernel: [    5.222162] vmwgfx 0000:00:02.0: [drm] VRAM at 0x00000000e0000000 size is 16384 kiB
Sep  2 17:40:48 backmain kernel: [    5.222372] vmwgfx 0000:00:02.0: [drm] Running on SVGA version 2.
Sep  2 17:40:48 backmain kernel: [    5.222464] vmwgfx 0000:00:02.0: [drm] DMA map mode: Caching DMA mappings.
Sep  2 17:40:48 backmain kernel: [    5.223289] vmwgfx 0000:00:02.0: [drm] Legacy memory limits: VRAM = 16384 kB, FIFO = 2048 kB, surface = 507904 kB
Sep  2 17:40:48 backmain kernel: [    5.223307] vmwgfx 0000:00:02.0: [drm] MOB limits: max mob size = 0 kB, max mob pages = 0
Sep  2 17:40:48 backmain kernel: [    5.223315] vmwgfx 0000:00:02.0: [drm] Capabilities: rect copy, cursor, cursor bypass, cursor bypass 2, alpha cursor, extended fifo, pitchlock, irq mask, gmr, traces, gmr2, screen object 2, command buffers, 
Sep  2 17:40:48 backmain kernel: [    5.223322] vmwgfx 0000:00:02.0: [drm] Max GMR ids is 8192
Sep  2 17:40:48 backmain kernel: [    5.223325] vmwgfx 0000:00:02.0: [drm] Max number of GMR pages is 1048576
Sep  2 17:40:48 backmain kernel: [    5.223329] vmwgfx 0000:00:02.0: [drm] Maximum display memory size is 16384 kiB
Sep  2 17:40:48 backmain kernel: [    5.233771] vmwgfx 0000:00:02.0: [drm] Screen Object display unit initialized
Sep  2 17:40:48 backmain kernel: [    5.236002] vmwgfx 0000:00:02.0: [drm] Fifo max 0x00200000 min 0x00001000 cap 0x00000355
Sep  2 17:40:48 backmain kernel: [    5.238283] vmwgfx 0000:00:02.0: [drm] Using command buffers with DMA pool.
Sep  2 17:40:48 backmain kernel: [    5.238327] vmwgfx 0000:00:02.0: [drm] Available shader model: Legacy.
Sep  2 17:40:48 backmain kernel: [    5.238657] [drm:vmw_host_printf [vmwgfx]] *ERROR* Failed to send host log message.
Sep  2 17:40:48 backmain kernel: [    5.280443] fbcon: svgadrmfb (fb0) is primary device
Sep  2 17:40:48 backmain kernel: [    5.297774] Console: switching to colour frame buffer device 100x37
Sep  2 17:40:48 backmain kernel: [    5.303240] [drm] Initialized vmwgfx 2.19.0 20210722 for 0000:00:02.0 on minor 0
Sep  2 17:40:48 backmain kernel: [    6.450292] raid6: sse2x4   gen() 144139 MB/s
Sep  2 17:40:48 backmain kernel: [    8.445688] raid6: sse2x4   xor() 72620 MB/s
Sep  2 17:40:48 backmain kernel: [   10.457047] raid6: sse2x2   gen() 235214 MB/s
Sep  2 17:40:48 backmain kernel: [   11.440331] raid6: sse2x2   xor() 101610 MB/s
Sep  2 17:40:48 backmain kernel: [   11.506262] raid6: sse2x1   gen()  8687 MB/s
Sep  2 17:40:48 backmain kernel: [   11.579115] raid6: sse2x1   xor()  5529 MB/s
Sep  2 17:40:48 backmain kernel: [   11.579150] raid6: using algorithm sse2x2 gen() 235214 MB/s
Sep  2 17:40:48 backmain kernel: [   11.579172] raid6: .... xor() 101610 MB/s, rmw enabled
Sep  2 17:40:48 backmain kernel: [   11.579192] raid6: using ssse3x2 recovery algorithm
Sep  2 17:40:48 backmain kernel: [   11.583730] xor: measuring software checksum speed
Sep  2 17:40:48 backmain kernel: [   11.585210]    prefetch64-sse  : 17138 MB/sec
Sep  2 17:40:48 backmain kernel: [   11.586590]    generic_sse     : 15042 MB/sec
Sep  2 17:40:48 backmain kernel: [   11.587497] xor: using function: prefetch64-sse (17138 MB/sec)
Sep  2 17:40:48 backmain kernel: [   11.592418] async_tx: api initialized (async)
Sep  2 17:40:48 backmain kernel: [   12.080987] Btrfs loaded, crc32c=crc32c-intel, zoned=yes, fsverity=yes
Sep  2 17:40:48 backmain kernel: [   12.470313] EXT4-fs (dm-0): mounted filesystem with ordered data mode. Opts: (null). Quota mode: none.
Sep  2 17:40:48 backmain kernel: [   12.930202] systemd[1]: Inserted module 'autofs4'
Sep  2 17:40:48 backmain kernel: [   13.002556] systemd[1]: systemd 249.11-0ubuntu3.7 running in system mode (+PAM +AUDIT +SELINUX +APPARMOR +IMA +SMACK +SECCOMP +GCRYPT +GNUTLS +OPENSSL +ACL +BLKID +CURL +ELFUTILS +FIDO2 +IDN2 -IDN +IPTC +KMOD +LIBCRYPTSETUP +LIBFDISK +PCRE2 -PWQUALITY -P11KIT -QRENCODE +BZIP2 +LZ4 +XZ +ZLIB +ZSTD -XKBCOMMON +UTMP +SYSVINIT default-hierarchy=unified)
Sep  2 17:40:48 backmain kernel: [   13.006882] systemd[1]: Detected virtualization oracle.
Sep  2 17:40:48 backmain kernel: [   13.007839] systemd[1]: Detected architecture x86-64.
Sep  2 17:40:48 backmain kernel: [   13.016226] systemd[1]: Hostname set to <backmain>.
Sep  2 17:40:48 backmain kernel: [   14.006715] systemd[1]: Queued start job for default target Graphical Interface.
Sep  2 17:40:48 backmain kernel: [   14.012348] systemd[1]: Created slice Slice /system/modprobe.
Sep  2 17:40:48 backmain kernel: [   14.015092] systemd[1]: Created slice Slice /system/systemd-fsck.
Sep  2 17:40:48 backmain kernel: [   14.016691] systemd[1]: Created slice User and Session Slice.
Sep  2 17:40:48 backmain kernel: [   14.018210] systemd[1]: Started Forward Password Requests to Wall Directory Watch.
Sep  2 17:40:48 backmain kernel: [   14.019742] systemd[1]: Set up automount Arbitrary Executable File Formats File System Automount Point.
Sep  2 17:40:48 backmain kernel: [   14.021898] systemd[1]: Reached target Slice Units.
Sep  2 17:40:48 backmain kernel: [   14.023130] systemd[1]: Reached target Mounting snaps.
Sep  2 17:40:48 backmain kernel: [   14.024504] systemd[1]: Reached target Local Verity Protected Volumes.
Sep  2 17:40:48 backmain kernel: [   14.026525] systemd[1]: Listening on Device-mapper event daemon FIFOs.
Sep  2 17:40:48 backmain kernel: [   14.027846] systemd[1]: Listening on LVM2 poll daemon socket.
Sep  2 17:40:48 backmain kernel: [   14.029691] systemd[1]: Listening on multipathd control socket.
Sep  2 17:40:48 backmain kernel: [   14.030986] systemd[1]: Listening on Syslog Socket.
Sep  2 17:40:48 backmain kernel: [   14.032356] systemd[1]: Listening on fsck to fsckd communication Socket.
Sep  2 17:40:48 backmain kernel: [   14.033665] systemd[1]: Listening on initctl Compatibility Named Pipe.
Sep  2 17:40:48 backmain kernel: [   14.035933] systemd[1]: Listening on Journal Audit Socket.
Sep  2 17:40:48 backmain kernel: [   14.037858] systemd[1]: Listening on Journal Socket (/dev/log).
Sep  2 17:40:48 backmain kernel: [   14.039307] systemd[1]: Listening on Journal Socket.
Sep  2 17:40:48 backmain kernel: [   14.040840] systemd[1]: Listening on Network Service Netlink Socket.
Sep  2 17:40:48 backmain kernel: [   14.043299] systemd[1]: Listening on udev Control Socket.
Sep  2 17:40:48 backmain kernel: [   14.044624] systemd[1]: Listening on udev Kernel Socket.
Sep  2 17:40:48 backmain kernel: [   14.050688] systemd[1]: Mounting Huge Pages File System...
Sep  2 17:40:48 backmain kernel: [   14.055824] systemd[1]: Mounting POSIX Message Queue File System...
Sep  2 17:40:48 backmain kernel: [   14.059178] systemd[1]: Mounting Kernel Debug File System...
Sep  2 17:40:48 backmain kernel: [   14.062134] systemd[1]: Mounting Kernel Trace File System...
Sep  2 17:40:48 backmain kernel: [   14.072353] systemd[1]: Starting Journal Service...
Sep  2 17:40:48 backmain kernel: [   14.077094] systemd[1]: Starting Set the console keyboard layout...
Sep  2 17:40:48 backmain kernel: [   14.087615] systemd[1]: Starting Create List of Static Device Nodes...
Sep  2 17:40:48 backmain kernel: [   14.095325] systemd[1]: Starting Monitoring of LVM2 mirrors, snapshots etc. using dmeventd or progress polling...
Sep  2 17:40:48 backmain kernel: [   14.099404] systemd[1]: Condition check resulted in LXD - agent being skipped.
Sep  2 17:40:48 backmain kernel: [   14.104876] systemd[1]: Starting Load Kernel Module chromeos_pstore...
Sep  2 17:40:48 backmain kernel: [   14.120775] systemd[1]: Starting Load Kernel Module configfs...
Sep  2 17:40:48 backmain kernel: [   14.142488] systemd[1]: Starting Load Kernel Module drm...
Sep  2 17:40:48 backmain kernel: [   14.145505] systemd[1]: Starting Load Kernel Module efi_pstore...
Sep  2 17:40:48 backmain kernel: [   14.156709] systemd[1]: Starting Load Kernel Module fuse...
Sep  2 17:40:48 backmain systemd[1]: Starting User Login Management...
Sep  2 17:40:48 backmain dbus-daemon[679]: [system] AppArmor D-Bus mediation is enabled
Sep  2 17:40:48 backmain systemd[1]: Starting Permit User Sessions...
Sep  2 17:40:48 backmain systemd[1]: Condition check resulted in Thermal Daemon Service being skipped.
Sep  2 17:40:48 backmain kernel: [   14.166277] systemd[1]: Starting Load Kernel Module pstore_blk...
Sep  2 17:40:48 backmain kernel: [   14.172187] systemd[1]: Starting Load Kernel Module pstore_zone...
Sep  2 17:40:48 backmain kernel: [   14.179395] systemd[1]: Starting Load Kernel Module ramoops...
Sep  2 17:40:48 backmain kernel: [   14.187620] systemd[1]: Condition check resulted in OpenVSwitch configuration for cleanup being skipped.
Sep  2 17:40:48 backmain kernel: [   14.191381] systemd[1]: Condition check resulted in File System Check on Root Device being skipped.
Sep  2 17:40:48 backmain kernel: [   14.209039] systemd[1]: Starting Load Kernel Modules...
Sep  2 17:40:48 backmain kernel: [   14.239480] systemd[1]: Starting Remount Root and Kernel File Systems...
Sep  2 17:40:48 backmain kernel: [   14.251724] systemd[1]: Starting Coldplug All udev Devices...
Sep  2 17:40:48 backmain kernel: [   14.258668] systemd[1]: Started Journal Service.
Sep  2 17:40:48 backmain kernel: [   14.291788] EXT4-fs (dm-0): re-mounted. Opts: (null). Quota mode: none.
Sep  2 17:40:48 backmain kernel: [   14.375720] Adding 4157436k swap on /swap.img.  Priority:-2 extents:6 across:14995452k FS
Sep  2 17:40:48 backmain kernel: [   14.413261] alua: device handler registered
Sep  2 17:40:48 backmain kernel: [   14.421013] systemd-journald[395]: Received client request to flush runtime journal.
Sep  2 17:40:48 backmain kernel: [   14.434504] emc: device handler registered
Sep  2 17:40:48 backmain kernel: [   14.458493] rdac: device handler registered
Sep  2 17:40:48 backmain kernel: [   14.805387] loop0: detected capacity change from 0 to 129600
Sep  2 17:40:48 backmain kernel: [   14.808692] loop1: detected capacity change from 0 to 229272
Sep  2 17:40:48 backmain kernel: [   14.822757] loop2: detected capacity change from 0 to 102072
Sep  2 17:40:48 backmain kernel: [   15.501149] vboxguest: host-version: 7.0.10r158379 0x8000000f
Sep  2 17:40:48 backmain kernel: [   15.536592] vbg_heartbeat_init: Setting up heartbeat to trigger every 2000 milliseconds
Sep  2 17:40:48 backmain kernel: [   15.537172] input: VirtualBox mouse integration as /devices/pci0000:00/0000:00:04.0/input/input7
Sep  2 17:40:48 backmain kernel: [   15.544902] vboxguest: misc device minor 123, IRQ 20, I/O port d040, MMIO at 0x00000000f0400000 (size 0x0000000000400000)
Sep  2 17:40:48 backmain kernel: [   15.697852] RAPL PMU: API unit is 2^-32 Joules, 0 fixed counters, 10737418240 ms ovfl timer
Sep  2 17:40:48 backmain kernel: [   16.161923] intel_rapl_msr: PL4 support detected.
Sep  2 17:40:48 backmain kernel: [   16.415617] snd_intel8x0 0000:00:05.0: allow list rate for 1028:0177 is 48000
Sep  2 17:40:48 backmain kernel: [   16.592313] EXT4-fs (sda2): mounted filesystem with ordered data mode. Opts: (null). Quota mode: none.
Sep  2 17:40:48 backmain kernel: [   16.973835] audit: type=1400 audit(1693676439.284:2): apparmor="STATUS" operation="profile_load" profile="unconfined" name="lsb_release" pid=612 comm="apparmor_parser"
Sep  2 17:40:48 backmain kernel: [   17.089838] audit: type=1400 audit(1693676439.396:3): apparmor="STATUS" operation="profile_load" profile="unconfined" name="nvidia_modprobe" pid=613 comm="apparmor_parser"
Sep  2 17:40:48 backmain kernel: [   17.093443] audit: type=1400 audit(1693676439.408:4): apparmor="STATUS" operation="profile_load" profile="unconfined" name="nvidia_modprobe//kmod" pid=613 comm="apparmor_parser"
Sep  2 17:40:48 backmain kernel: [   17.140062] audit: type=1400 audit(1693676439.412:5): apparmor="STATUS" operation="profile_load" profile="unconfined" name="/usr/bin/man" pid=616 comm="apparmor_parser"
Sep  2 17:40:48 backmain kernel: [   17.143259] audit: type=1400 audit(1693676439.456:6): apparmor="STATUS" operation="profile_load" profile="unconfined" name="man_filter" pid=616 comm="apparmor_parser"
Sep  2 17:40:48 backmain kernel: [   17.147323] audit: type=1400 audit(1693676439.460:7): apparmor="STATUS" operation="profile_load" profile="unconfined" name="man_groff" pid=616 comm="apparmor_parser"
Sep  2 17:40:48 backmain kernel: [   17.414848] audit: type=1400 audit(1693676439.604:8): apparmor="STATUS" operation="profile_load" profile="unconfined" name="tcpdump" pid=617 comm="apparmor_parser"
Sep  2 17:40:48 backmain kernel: [   17.476069] audit: type=1400 audit(1693676439.772:9): apparmor="STATUS" operation="profile_load" profile="unconfined" name="/usr/lib/NetworkManager/nm-dhcp-client.action" pid=614 comm="apparmor_parser"
Sep  2 17:40:48 backmain kernel: [   17.479474] audit: type=1400 audit(1693676439.772:10): apparmor="STATUS" operation="profile_load" profile="unconfined" name="/usr/lib/NetworkManager/nm-dhcp-helper" pid=614 comm="apparmor_parser"
Sep  2 17:40:48 backmain kernel: [   17.482365] audit: type=1400 audit(1693676439.772:11): apparmor="STATUS" operation="profile_load" profile="unconfined" name="/usr/lib/connman/scripts/dhclient-script" pid=614 comm="apparmor_parser"
Sep  2 17:40:48 backmain kernel: [   21.650314] e1000: enp0s3 NIC Link is Up 1000 Mbps Full Duplex, Flow Control: RX
Sep  2 17:40:48 backmain kernel: [   21.662590] IPv6: ADDRCONF(NETDEV_CHANGE): enp0s3: link becomes ready
Sep  2 17:40:48 backmain systemd[1]: Condition check resulted in Ubuntu Advantage reboot cmds being skipped.
Sep  2 17:40:48 backmain systemd[1]: Starting Disk Manager...
Sep  2 17:40:48 backmain polkitd[688]: started daemon version 0.105 using authority implementation `local' version `0.105'
Sep  2 17:40:48 backmain systemd[1]: e2scrub_reap.service: Deactivated successfully.
Sep  2 17:40:48 backmain systemd[1]: Finished Remove Stale Online ext4 Metadata Check Snapshots.
Sep  2 17:40:48 backmain systemd[1]: Finished Permit User Sessions.
Sep  2 17:40:48 backmain rsyslogd: imuxsock: Acquired UNIX socket '/run/systemd/journal/syslog' (fd 3) from systemd.  [v8.2112.0]
Sep  2 17:40:48 backmain rsyslogd: rsyslogd's groupid changed to 113
Sep  2 17:40:48 backmain rsyslogd: rsyslogd's userid changed to 107
Sep  2 17:40:48 backmain rsyslogd: [origin software="rsyslogd" swVersion="8.2112.0" x-pid="690" x-info="https://www.rsyslog.com"] start
Sep  2 17:40:48 backmain systemd[1]: Started System Logging Service.
Sep  2 17:40:48 backmain udisksd[699]: udisks daemon version 2.9.4 starting
Sep  2 17:40:48 backmain systemd[1]: Started Authorization Manager.
Sep  2 17:40:48 backmain apport[677]:  * Starting automatic crash report generation: apport
Sep  2 17:40:48 backmain systemd[1]: Starting Modem Manager...
Sep  2 17:40:48 backmain systemd[1]: Starting Hold until boot process finishes up...
Sep  2 17:40:48 backmain systemd[1]: Starting Terminate Plymouth Boot Screen...
Sep  2 17:40:48 backmain systemd[1]: Finished Hold until boot process finishes up.
Sep  2 17:40:48 backmain systemd[1]: Finished Terminate Plymouth Boot Screen.
Sep  2 17:40:48 backmain systemd[1]: Started User Login Management.
Sep  2 17:40:48 backmain systemd[1]: grub-common.service: Deactivated successfully.
Sep  2 17:40:48 backmain systemd[1]: Finished Record successful boot for GRUB.
Sep  2 17:40:48 backmain systemd[1]: Starting GRUB failed boot detection...
Sep  2 17:40:48 backmain systemd[1]: Starting Set console scheme...
Sep  2 17:40:48 backmain systemd[1]: Started Unattended Upgrades Shutdown.
Sep  2 17:40:49 backmain networkd-dispatcher[687]: No valid path found for iwconfig
Sep  2 17:40:49 backmain networkd-dispatcher[687]: No valid path found for iw
Sep  2 17:40:49 backmain ModemManager[725]: <info>  ModemManager (version 1.18.6) starting in system bus...
Sep  2 17:40:49 backmain systemd[1]: Finished Set console scheme.
Sep  2 17:40:49 backmain apport[677]:    ...done.
Sep  2 17:40:49 backmain systemd[1]: Created slice Slice /system/getty.
Sep  2 17:40:49 backmain pollinate[689]: client sent challenge to [https://entropy.ubuntu.com/]
Sep  2 17:40:49 backmain systemd[1]: Started Getty on tty1.
Sep  2 17:40:49 backmain systemd[1]: Reached target Login Prompts.
Sep  2 17:40:49 backmain systemd[1]: Started LSB: automatic crash report generation.
Sep  2 17:40:49 backmain udisksd[699]: failed to load module mdraid: libbd_mdraid.so.2: cannot open shared object file: No such file or directory
Sep  2 17:40:49 backmain systemd[1]: grub-initrd-fallback.service: Deactivated successfully.
Sep  2 17:40:49 backmain systemd[1]: Finished GRUB failed boot detection.
Sep  2 17:40:49 backmain systemd[1]: Started Dispatcher daemon for systemd-networkd.
Sep  2 17:40:49 backmain udisksd[699]: Failed to load the 'mdraid' libblockdev plugin
Sep  2 17:40:49 backmain systemd[1]: Started Modem Manager.
Sep  2 17:40:50 backmain systemd[1]: Started Disk Manager.
Sep  2 17:40:50 backmain udisksd[699]: Acquired the name org.freedesktop.UDisks2 on the system message bus
Sep  2 17:40:50 backmain pollinate[689]: client verified challenge/response with [https://entropy.ubuntu.com/]
Sep  2 17:40:50 backmain pollinate[689]: client hashed response from [https://entropy.ubuntu.com/]
Sep  2 17:40:51 backmain pollinate[689]: client successfully seeded [/dev/urandom]
Sep  2 17:40:51 backmain systemd[1]: pollinate.service: Deactivated successfully.
Sep  2 17:40:51 backmain systemd[1]: Finished Pollinate to seed the pseudo random number generator.
Sep  2 17:40:51 backmain systemd[1]: Starting OpenBSD Secure Shell server...
Sep  2 17:40:51 backmain systemd[1]: Started OpenBSD Secure Shell server.
Sep  2 17:40:51 backmain snapd[692]: overlord.go:268: Acquiring state lock file
Sep  2 17:40:51 backmain snapd[692]: overlord.go:273: Acquired state lock file
Sep  2 17:40:51 backmain snapd[692]: patch.go:64: Patching system state level 6 to sublevel 1...
Sep  2 17:40:51 backmain snapd[692]: patch.go:64: Patching system state level 6 to sublevel 2...
Sep  2 17:40:52 backmain snapd[692]: patch.go:64: Patching system state level 6 to sublevel 3...
Sep  2 17:40:52 backmain snapd[692]: daemon.go:247: started snapd/2.58.2 (series 16; classic) ubuntu/22.04 (amd64) linux/5.15.0-82-generic.
Sep  2 17:40:52 backmain kernel: [   29.776308] loop3: detected capacity change from 0 to 8
Sep  2 17:40:52 backmain systemd[1]: tmp-syscheck\x2dmountpoint\x2d067925469.mount: Deactivated successfully.
Sep  2 17:40:52 backmain snapd[692]: daemon.go:340: adjusting startup timeout by 45s (pessimistic estimate of 30s plus 5s per snap)
Sep  2 17:40:52 backmain snapd[692]: backends.go:58: AppArmor status: apparmor is enabled and all features are available
Sep  2 17:40:52 backmain ModemManager[725]: <info>  [base-manager] couldn't check support for device '/sys/devices/pci0000:00/0000:00:03.0': not supported by any plugin
Sep  2 17:40:52 backmain systemd[1]: Started Snap Daemon.
Sep  2 17:40:52 backmain systemd[1]: Starting Wait until snapd is fully seeded...
Sep  2 17:40:53 backmain systemd[1]: dmesg.service: Deactivated successfully.
Sep  2 17:40:53 backmain kernel: [   31.485238] kauditd_printk_skb: 19 callbacks suppressed
Sep  2 17:40:53 backmain kernel: [   31.485245] audit: type=1400 audit(1693676453.776:31): apparmor="STATUS" operation="profile_replace" info="same as current profile, skipping" profile="unconfined" name="snap-update-ns.lxd" pid=859 comm="apparmor_parser"
Sep  2 17:40:53 backmain kernel: [   31.672539] audit: type=1400 audit(1693676453.804:32): apparmor="STATUS" operation="profile_replace" info="same as current profile, skipping" profile="unconfined" name="snap.lxd.activate" pid=860 comm="apparmor_parser"
Sep  2 17:40:54 backmain kernel: [   32.038229] audit: type=1400 audit(1693676453.996:33): apparmor="STATUS" operation="profile_replace" info="same as current profile, skipping" profile="unconfined" name="snap.lxd.benchmark" pid=861 comm="apparmor_parser"
Sep  2 17:40:54 backmain kernel: [   32.207874] audit: type=1400 audit(1693676453.996:34): apparmor="STATUS" operation="profile_replace" info="same as current profile, skipping" profile="unconfined" name="snap.lxd.buginfo" pid=862 comm="apparmor_parser"
Sep  2 17:40:54 backmain kernel: [   32.265611] audit: type=1400 audit(1693676453.996:35): apparmor="STATUS" operation="profile_replace" info="same as current profile, skipping" profile="unconfined" name="/snap/snapd/18357/usr/lib/snapd/snap-confine" pid=858 comm="apparmor_parser"
Sep  2 17:40:54 backmain kernel: [   32.267984] audit: type=1400 audit(1693676453.996:36): apparmor="STATUS" operation="profile_replace" info="same as current profile, skipping" profile="unconfined" name="/snap/snapd/18357/usr/lib/snapd/snap-confine//mount-namespace-capture-helper" pid=858 comm="apparmor_parser"
Sep  2 17:40:54 backmain kernel: [   32.648662] audit: type=1400 audit(1693676454.932:37): apparmor="STATUS" operation="profile_replace" info="same as current profile, skipping" profile="unconfined" name="snap.lxd.check-kernel" pid=863 comm="apparmor_parser"
Sep  2 17:40:55 backmain kernel: [   32.895599] audit: type=1400 audit(1693676455.212:38): apparmor="STATUS" operation="profile_replace" info="same as current profile, skipping" profile="unconfined" name="snap.lxd.daemon" pid=864 comm="apparmor_parser"
Sep  2 17:40:55 backmain kernel: [   33.199530] audit: type=1400 audit(1693676455.484:39): apparmor="STATUS" operation="profile_replace" info="same as current profile, skipping" profile="unconfined" name="snap.lxd.hook.install" pid=871 comm="apparmor_parser"
Sep  2 17:40:55 backmain kernel: [   33.403508] audit: type=1400 audit(1693676455.608:40): apparmor="STATUS" operation="profile_replace" info="same as current profile, skipping" profile="unconfined" name="snap.lxd.hook.configure" pid=865 comm="apparmor_parser"
Sep  2 17:40:57 backmain systemd[1]: Started snap.lxd.hook.install.b01f3a1b-3323-462d-b3f6-067e84b55fb0.scope.
Sep  2 17:40:57 backmain systemd[1]: tmp-snap.rootfs_h2qT4e.mount: Deactivated successfully.
Sep  2 17:40:59 backmain systemd[1]: snap.lxd.hook.install.b01f3a1b-3323-462d-b3f6-067e84b55fb0.scope: Deactivated successfully.
Sep  2 17:40:59 backmain systemd[1]: snap.lxd.hook.install.b01f3a1b-3323-462d-b3f6-067e84b55fb0.scope: Consumed 1.656s CPU time.
Sep  2 17:40:59 backmain systemd[1]: Reloading.
Sep  2 17:41:00 backmain systemd[1]: Listening on Socket unix for snap application lxd.daemon.
Sep  2 17:41:00 backmain systemd[1]: Listening on Socket unix for snap application lxd.user-daemon.
Sep  2 17:41:00 backmain systemd[1]: Starting Service for snap application lxd.activate...
Sep  2 17:41:01 backmain lxd.activate[944]: => Starting LXD activation
Sep  2 17:41:01 backmain lxd.activate[944]: ==> Creating missing snap configuration
Sep  2 17:41:02 backmain lxd.activate[944]: ==> Loading snap configuration
Sep  2 17:41:02 backmain lxd.activate[944]: ==> Checking for socket activation support
Sep  2 17:41:02 backmain lxd.activate[944]: ==> Creating "lxd" user
Sep  2 17:41:02 backmain lxd.activate[944]: ==> Setting LXD socket ownership
Sep  2 17:41:02 backmain lxd.activate[944]: ==> Setting LXD user socket ownership
Sep  2 17:41:03 backmain lxd.activate[944]: ==> LXD never started on this system, no need to start it now
Sep  2 17:41:03 backmain systemd[1]: snap.lxd.activate.service: Deactivated successfully.
Sep  2 17:41:03 backmain systemd[1]: Finished Service for snap application lxd.activate.
Sep  2 17:41:03 backmain systemd[1]: snap.lxd.activate.service: Consumed 2.092s CPU time.
Sep  2 17:41:03 backmain systemd[1]: Started snap.lxd.hook.configure.4a778547-58a1-4764-b965-255a83e62c3c.scope.
Sep  2 17:41:03 backmain systemd[1]: snap.lxd.hook.configure.4a778547-58a1-4764-b965-255a83e62c3c.scope: Deactivated successfully.
Sep  2 17:41:03 backmain dbus-daemon[679]: [system] Activating via systemd: service name='org.freedesktop.timedate1' unit='dbus-org.freedesktop.timedate1.service' requested by ':1.13' (uid=0 pid=692 comm="/usr/lib/snapd/snapd " label="unconfined")
